Nov 13 23:10:11 localhost kernel: random: get_random_bytes called from start_kernel+0x42/0x4e6 with crng_init=0
Nov 13 23:10:11 localhost kernel: Linux version 4.13.12-200.fc26.x86_64 (mockbuild@bkernel01.phx2.fedoraproject.org) (gcc version 7.2.1 20170915 (Red Hat 7.2.1-2) (GCC)) #1 SMP Wed Nov 8 16:47:26 UTC 2017
Nov 13 23:10:11 localhost kernel: Command line: BOOT_IMAGE=/vmlinuz-4.13.12-200.fc26.x86_64 root=/dev/mapper/fedora-root ro rd.lvm.lv=fedora/root rd.lvm.lv=fedora/swap rhgb quiet LANG=en_US.UTF-8
Nov 13 23:10:11 localhost kernel: x86/fpu: Supporting XSAVE feature 0x001: 'x87 floating point registers'
Nov 13 23:10:11 localhost kernel: x86/fpu: Supporting XSAVE feature 0x002: 'SSE registers'
Nov 13 23:10:11 localhost kernel: x86/fpu: Supporting XSAVE feature 0x004: 'AVX registers'
Nov 13 23:10:11 localhost kernel: x86/fpu: xstate_offset[2]:  576, xstate_sizes[2]:  256
Nov 13 23:10:11 localhost kernel: x86/fpu: Enabled xstate features 0x7, context size is 832 bytes, using 'standard' format.
Nov 13 23:10:11 localhost kernel: e820: BIOS-provided physical RAM map:
Nov 13 23:10:11 localhost kernel: BIOS-e820: [mem 0x0000000000000000-0x000000000009fbff] usable
Nov 13 23:10:11 localhost kernel: BIOS-e820: [mem 0x000000000009fc00-0x000000000009ffff] reserved
Nov 13 23:10:11 localhost kernel: BIOS-e820: [mem 0x00000000000f0000-0x00000000000fffff] reserved
Nov 13 23:10:11 localhost kernel: BIOS-e820: [mem 0x0000000000100000-0x00000000dffeffff] usable
Nov 13 23:10:11 localhost kernel: BIOS-e820: [mem 0x00000000dfff0000-0x00000000dfffffff] ACPI data
Nov 13 23:10:11 localhost kernel: BIOS-e820: [mem 0x00000000fec00000-0x00000000fec00fff] reserved
Nov 13 23:10:11 localhost kernel: BIOS-e820: [mem 0x00000000fee00000-0x00000000fee00fff] reserved
Nov 13 23:10:11 localhost kernel: BIOS-e820: [mem 0x00000000fffc0000-0x00000000ffffffff] reserved
Nov 13 23:10:11 localhost kernel: BIOS-e820: [mem 0x0000000100000000-0x000000011fffffff] usable
Nov 13 23:10:11 localhost kernel: NX (Execute Disable) protection: active
Nov 13 23:10:11 localhost kernel: random: fast init done
Nov 13 23:10:11 localhost kernel: SMBIOS 2.5 present.
Nov 13 23:10:11 localhost kernel: DMI: innotek GmbH VirtualBox/VirtualBox, BIOS VirtualBox 12/01/2006
Nov 13 23:10:11 localhost kernel: Hypervisor detected: KVM
Nov 13 23:10:11 localhost kernel: tsc: Fast TSC calibration using PIT
Nov 13 23:10:11 localhost kernel: e820: last_pfn = 0x120000 max_arch_pfn = 0x400000000
Nov 13 23:10:11 localhost kernel: MTRR: Disabled
Nov 13 23:10:11 localhost kernel: x86/PAT: MTRRs disabled, skipping PAT initialization too.
Nov 13 23:10:11 localhost kernel: CPU MTRRs all blank - virtualized system.
Nov 13 23:10:11 localhost kernel: x86/PAT: Configuration [0-7]: WB  WT  UC- UC  WB  WT  UC- UC  
Nov 13 23:10:11 localhost kernel: e820: last_pfn = 0xdfff0 max_arch_pfn = 0x400000000
Nov 13 23:10:11 localhost kernel: found SMP MP-table at [mem 0x0009fff0-0x0009ffff] mapped at [ffff9cd30009fff0]
Nov 13 23:10:11 localhost kernel: RAMDISK: [mem 0x356b5000-0x36b52fff]
Nov 13 23:10:11 localhost kernel: ACPI: Early table checksum verification disabled
Nov 13 23:10:11 localhost kernel: ACPI: RSDP 0x00000000000E0000 000024 (v02 VBOX  )
Nov 13 23:10:11 localhost kernel: ACPI: XSDT 0x00000000DFFF0030 00003C (v01 VBOX   VBOXXSDT 00000001 ASL  00000061)
Nov 13 23:10:11 localhost kernel: ACPI: FACP 0x00000000DFFF00F0 0000F4 (v04 VBOX   VBOXFACP 00000001 ASL  00000061)
Nov 13 23:10:11 localhost kernel: ACPI: DSDT 0x00000000DFFF0470 0021FF (v02 VBOX   VBOXBIOS 00000002 INTL 20100528)
Nov 13 23:10:11 localhost kernel: ACPI: FACS 0x00000000DFFF0200 000040
Nov 13 23:10:11 localhost kernel: ACPI: FACS 0x00000000DFFF0200 000040
Nov 13 23:10:11 localhost kernel: ACPI: APIC 0x00000000DFFF0240 00005C (v02 VBOX   VBOXAPIC 00000001 ASL  00000061)
Nov 13 23:10:11 localhost kernel: ACPI: SSDT 0x00000000DFFF02A0 0001CC (v01 VBOX   VBOXCPUT 00000002 INTL 20100528)
Nov 13 23:10:11 localhost kernel: No NUMA configuration found
Nov 13 23:10:11 localhost kernel: Faking a node at [mem 0x0000000000000000-0x000000011fffffff]
Nov 13 23:10:11 localhost kernel: NODE_DATA(0) allocated [mem 0x11ffd1000-0x11fffbfff]
Nov 13 23:10:11 localhost kernel: kvm-clock: Using msrs 4b564d01 and 4b564d00
Nov 13 23:10:11 localhost kernel: kvm-clock: cpu 0, msr 1:1ff51001, primary cpu clock
Nov 13 23:10:11 localhost kernel: kvm-clock: using sched offset of 7754725697 cycles
Nov 13 23:10:11 localhost kernel: clocksource: kvm-clock: mask: 0xffffffffffffffff max_cycles: 0x1cd42e4dffb, max_idle_ns: 881590591483 ns
Nov 13 23:10:11 localhost kernel: Zone ranges:
Nov 13 23:10:11 localhost kernel:  DMA      [mem 0x0000000000001000-0x0000000000ffffff]
Nov 13 23:10:11 localhost kernel:  DMA32    [mem 0x0000000001000000-0x00000000ffffffff]
Nov 13 23:10:11 localhost kernel:  Normal   [mem 0x0000000100000000-0x000000011fffffff]
Nov 13 23:10:11 localhost kernel:  Device   empty
Nov 13 23:10:11 localhost kernel: Movable zone start for each node
Nov 13 23:10:11 localhost kernel: Early memory node ranges
Nov 13 23:10:11 localhost kernel:  node   0: [mem 0x0000000000001000-0x000000000009efff]
Nov 13 23:10:11 localhost kernel:  node   0: [mem 0x0000000000100000-0x00000000dffeffff]
Nov 13 23:10:11 localhost kernel:  node   0: [mem 0x0000000100000000-0x000000011fffffff]
Nov 13 23:10:11 localhost kernel: Initmem setup node 0 [mem 0x0000000000001000-0x000000011fffffff]
Nov 13 23:10:11 localhost kernel: ACPI: PM-Timer IO Port: 0x4008
Nov 13 23:10:11 localhost kernel: IOAPIC[0]: apic_id 2, version 32, address 0xfec00000, GSI 0-23
Nov 13 23:10:11 localhost kernel: ACPI: INT_SRC_OVR (bus 0 bus_irq 0 global_irq 2 dfl dfl)
Nov 13 23:10:11 localhost kernel: ACPI: INT_SRC_OVR (bus 0 bus_irq 9 global_irq 9 low level)
Nov 13 23:10:11 localhost kernel: Using ACPI (MADT) for SMP configuration information
Nov 13 23:10:11 localhost kernel: smpboot: Allowing 2 CPUs, 0 hotplug CPUs
Nov 13 23:10:11 localhost kernel: PM: Registered nosave memory: [mem 0x00000000-0x00000fff]
Nov 13 23:10:11 localhost kernel: PM: Registered nosave memory: [mem 0x0009f000-0x0009ffff]
Nov 13 23:10:11 localhost kernel: PM: Registered nosave memory: [mem 0x000a0000-0x000effff]
Nov 13 23:10:11 localhost kernel: PM: Registered nosave memory: [mem 0x000f0000-0x000fffff]
Nov 13 23:10:11 localhost kernel: PM: Registered nosave memory: [mem 0xdfff0000-0xdfffffff]
Nov 13 23:10:11 localhost kernel: PM: Registered nosave memory: [mem 0xe0000000-0xfebfffff]
Nov 13 23:10:11 localhost kernel: PM: Registered nosave memory: [mem 0xfec00000-0xfec00fff]
Nov 13 23:10:11 localhost kernel: PM: Registered nosave memory: [mem 0xfec01000-0xfedfffff]
Nov 13 23:10:11 localhost kernel: PM: Registered nosave memory: [mem 0xfee00000-0xfee00fff]
Nov 13 23:10:11 localhost kernel: PM: Registered nosave memory: [mem 0xfee01000-0xfffbffff]
Nov 13 23:10:11 localhost kernel: PM: Registered nosave memory: [mem 0xfffc0000-0xffffffff]
Nov 13 23:10:11 localhost kernel: e820: [mem 0xe0000000-0xfebfffff] available for PCI devices
Nov 13 23:10:11 localhost kernel: Booting paravirtualized kernel on KVM
Nov 13 23:10:11 localhost kernel: clocksource: refined-jiffies: mask: 0xffffffff max_cycles: 0xffffffff, max_idle_ns: 1910969940391419 ns
Nov 13 23:10:11 localhost kernel: setup_percpu: NR_CPUS:8192 nr_cpumask_bits:2 nr_cpu_ids:2 nr_node_ids:1
Nov 13 23:10:11 localhost kernel: percpu: Embedded 37 pages/cpu @ffff9cd41fc00000 s112600 r8192 d30760 u1048576
Nov 13 23:10:11 localhost kernel: Built 1 zonelists in Node order, mobility grouping on.  Total pages: 1032057
Nov 13 23:10:11 localhost kernel: Policy zone: Normal
Nov 13 23:10:11 localhost kernel: Kernel command line: BOOT_IMAGE=/vmlinuz-4.13.12-200.fc26.x86_64 root=/dev/mapper/fedora-root ro rd.lvm.lv=fedora/root rd.lvm.lv=fedora/swap rhgb quiet LANG=en_US.UTF-8
Nov 13 23:10:11 localhost kernel: PID hash table entries: 4096 (order: 3, 32768 bytes)
Nov 13 23:10:11 localhost kernel: Memory: 4018984K/4193848K available (8833K kernel code, 2404K rwdata, 3760K rodata, 2224K init, 1976K bss, 174864K reserved, 0K cma-reserved)
Nov 13 23:10:11 localhost kernel: SLUB: HWalign=64, Order=0-3, MinObjects=0, CPUs=2, Nodes=1
Nov 13 23:10:11 localhost kernel: ftrace: allocating 34933 entries in 137 pages
Nov 13 23:10:11 localhost kernel: Hierarchical RCU implementation.
Nov 13 23:10:11 localhost kernel: #011RCU restricting CPUs from NR_CPUS=8192 to nr_cpu_ids=2.
Nov 13 23:10:11 localhost kernel: #011Tasks RCU enabled.
Nov 13 23:10:11 localhost kernel: RCU: Adjusting geometry for rcu_fanout_leaf=16, nr_cpu_ids=2
Nov 13 23:10:11 localhost kernel: NR_IRQS: 524544, nr_irqs: 440, preallocated irqs: 16
Nov 13 23:10:11 localhost kernel: #011Offload RCU callbacks from CPUs: .
Nov 13 23:10:11 localhost kernel: Console: colour VGA+ 80x25
Nov 13 23:10:11 localhost kernel: console [tty0] enabled
Nov 13 23:10:11 localhost kernel: tsc: Detected 2194.920 MHz processor
Nov 13 23:10:11 localhost kernel: Calibrating delay loop (skipped) preset value.. 4389.84 BogoMIPS (lpj=2194920)
Nov 13 23:10:11 localhost kernel: pid_max: default: 32768 minimum: 301
Nov 13 23:10:11 localhost kernel: ACPI: Core revision 20170531
Nov 13 23:10:11 localhost kernel: ACPI: 2 ACPI AML tables successfully acquired and loaded
Nov 13 23:10:11 localhost kernel: Security Framework initialized
Nov 13 23:10:11 localhost kernel: Yama: becoming mindful.
Nov 13 23:10:11 localhost kernel: SELinux:  Initializing.
Nov 13 23:10:11 localhost kernel: Dentry cache hash table entries: 524288 (order: 10, 4194304 bytes)
Nov 13 23:10:11 localhost kernel: Inode-cache hash table entries: 262144 (order: 9, 2097152 bytes)
Nov 13 23:10:11 localhost kernel: Mount-cache hash table entries: 8192 (order: 4, 65536 bytes)
Nov 13 23:10:11 localhost kernel: Mountpoint-cache hash table entries: 8192 (order: 4, 65536 bytes)
Nov 13 23:10:11 localhost kernel: CPU: Physical Processor ID: 0
Nov 13 23:10:11 localhost kernel: CPU: Processor Core ID: 0
Nov 13 23:10:11 localhost kernel: mce: CPU supports 0 MCE banks
Nov 13 23:10:11 localhost kernel: Last level iTLB entries: 4KB 64, 2MB 8, 4MB 8
Nov 13 23:10:11 localhost kernel: Last level dTLB entries: 4KB 64, 2MB 0, 4MB 0, 1GB 4
Nov 13 23:10:11 localhost kernel: Freeing SMP alternatives memory: 32K
Nov 13 23:10:11 localhost kernel: smpboot: Max logical packages: 1
Nov 13 23:10:11 localhost kernel: ..TIMER: vector=0x30 apic1=0 pin1=2 apic2=-1 pin2=-1
Nov 13 23:10:11 localhost kernel: smpboot: CPU0: Intel(R) Core(TM) i5-5200U CPU @ 2.20GHz (family: 0x6, model: 0x3d, stepping: 0x4)
Nov 13 23:10:11 localhost kernel: Performance Events: unsupported p6 CPU model 61 no PMU driver, software events only.
Nov 13 23:10:11 localhost kernel: Hierarchical SRCU implementation.
Nov 13 23:10:11 localhost kernel: smp: Bringing up secondary CPUs ...
Nov 13 23:10:11 localhost kernel: x86: Booting SMP configuration:
Nov 13 23:10:11 localhost kernel: .... node  #0, CPUs:      #1
Nov 13 23:10:11 localhost kernel: kvm-clock: cpu 1, msr 1:1ff51041, secondary cpu clock
Nov 13 23:10:11 localhost kernel: mce: CPU supports 0 MCE banks
Nov 13 23:10:11 localhost kernel: smp: Brought up 1 node, 2 CPUs
Nov 13 23:10:11 localhost kernel: smpboot: Total of 2 processors activated (8779.68 BogoMIPS)
Nov 13 23:10:11 localhost kernel: devtmpfs: initialized
Nov 13 23:10:11 localhost kernel: x86/mm: Memory block size: 128MB
Nov 13 23:10:11 localhost kernel: clocksource: jiffies: mask: 0xffffffff max_cycles: 0xffffffff, max_idle_ns: 1911260446275000 ns
Nov 13 23:10:11 localhost kernel: futex hash table entries: 512 (order: 3, 32768 bytes)
Nov 13 23:10:11 localhost kernel: pinctrl core: initialized pinctrl subsystem
Nov 13 23:10:11 localhost kernel: RTC time:  4:10:09, date: 11/14/17
Nov 13 23:10:11 localhost kernel: NET: Registered protocol family 16
Nov 13 23:10:11 localhost kernel: cpuidle: using governor menu
Nov 13 23:10:11 localhost kernel: PCCT header not found.
Nov 13 23:10:11 localhost kernel: ACPI: bus type PCI registered
Nov 13 23:10:11 localhost kernel: acpiphp: ACPI Hot Plug PCI Controller Driver version: 0.5
Nov 13 23:10:11 localhost kernel: PCI: Using configuration type 1 for base access
Nov 13 23:10:11 localhost kernel: HugeTLB registered 2.00 MiB page size, pre-allocated 0 pages
Nov 13 23:10:11 localhost kernel: ACPI: Added _OSI(Module Device)
Nov 13 23:10:11 localhost kernel: ACPI: Added _OSI(Processor Device)
Nov 13 23:10:11 localhost kernel: ACPI: Added _OSI(3.0 _SCP Extensions)
Nov 13 23:10:11 localhost kernel: ACPI: Added _OSI(Processor Aggregator Device)
Nov 13 23:10:11 localhost kernel: ACPI: Executed 1 blocks of module-level executable AML code
Nov 13 23:10:11 localhost kernel: ACPI: Interpreter enabled
Nov 13 23:10:11 localhost kernel: ACPI: (supports S0 S5)
Nov 13 23:10:11 localhost kernel: ACPI: Using IOAPIC for interrupt routing
Nov 13 23:10:11 localhost kernel: PCI: Using host bridge windows from ACPI; if necessary, use "pci=nocrs" and report a bug
Nov 13 23:10:11 localhost kernel: ACPI: PCI Root Bridge [PCI0] (domain 0000 [bus 00-ff])
Nov 13 23:10:11 localhost kernel: acpi PNP0A03:00: _OSC: OS supports [ASPM ClockPM Segments MSI]
Nov 13 23:10:11 localhost kernel: acpi PNP0A03:00: _OSC: not requesting OS control; OS requires [ExtendedConfig ASPM ClockPM MSI]
Nov 13 23:10:11 localhost kernel: acpi PNP0A03:00: fail to add MMCONFIG information, can't access extended PCI configuration space under this bridge.
Nov 13 23:10:11 localhost kernel: PCI host bridge to bus 0000:00
Nov 13 23:10:11 localhost kernel: pci_bus 0000:00: root bus resource [io  0x0000-0x0cf7 window]
Nov 13 23:10:11 localhost kernel: pci_bus 0000:00: root bus resource [io  0x0d00-0xffff window]
Nov 13 23:10:11 localhost kernel: pci_bus 0000:00: root bus resource [mem 0x000a0000-0x000bffff window]
Nov 13 23:10:11 localhost kernel: pci_bus 0000:00: root bus resource [mem 0xe0000000-0xfdffffff window]
Nov 13 23:10:11 localhost kernel: pci_bus 0000:00: root bus resource [bus 00-ff]
Nov 13 23:10:11 localhost kernel: pci 0000:00:07.0: quirk: [io  0x4000-0x403f] claimed by PIIX4 ACPI
Nov 13 23:10:11 localhost kernel: pci 0000:00:07.0: quirk: [io  0x4100-0x410f] claimed by PIIX4 SMB
Nov 13 23:10:11 localhost kernel: ACPI: PCI Interrupt Link [LNKA] (IRQs 5 9 10 *11)
Nov 13 23:10:11 localhost kernel: ACPI: PCI Interrupt Link [LNKB] (IRQs 5 9 *10 11)
Nov 13 23:10:11 localhost kernel: ACPI: PCI Interrupt Link [LNKC] (IRQs 5 *9 10 11)
Nov 13 23:10:11 localhost kernel: ACPI: PCI Interrupt Link [LNKD] (IRQs 5 9 10 *11)
Nov 13 23:10:11 localhost kernel: ACPI: Enabled 2 GPEs in block 00 to 07
Nov 13 23:10:11 localhost kernel: pci 0000:00:02.0: vgaarb: setting as boot VGA device
Nov 13 23:10:11 localhost kernel: pci 0000:00:02.0: vgaarb: VGA device added: decodes=io+mem,owns=io+mem,locks=none
Nov 13 23:10:11 localhost kernel: pci 0000:00:02.0: vgaarb: bridge control possible
Nov 13 23:10:11 localhost kernel: vgaarb: loaded
Nov 13 23:10:11 localhost kernel: SCSI subsystem initialized
Nov 13 23:10:11 localhost kernel: ACPI: bus type USB registered
Nov 13 23:10:11 localhost kernel: usbcore: registered new interface driver usbfs
Nov 13 23:10:11 localhost kernel: usbcore: registered new interface driver hub
Nov 13 23:10:11 localhost kernel: usbcore: registered new device driver usb
Nov 13 23:10:11 localhost kernel: EDAC MC: Ver: 3.0.0
Nov 13 23:10:11 localhost kernel: PCI: Using ACPI for IRQ routing
Nov 13 23:10:11 localhost kernel: NetLabel: Initializing
Nov 13 23:10:11 localhost kernel: NetLabel:  domain hash size = 128
Nov 13 23:10:11 localhost kernel: NetLabel:  protocols = UNLABELED CIPSOv4 CALIPSO
Nov 13 23:10:11 localhost kernel: NetLabel:  unlabeled traffic allowed by default
Nov 13 23:10:11 localhost kernel: clocksource: Switched to clocksource kvm-clock
Nov 13 23:10:11 localhost kernel: VFS: Disk quotas dquot_6.6.0
Nov 13 23:10:11 localhost kernel: VFS: Dquot-cache hash table entries: 512 (order 0, 4096 bytes)
Nov 13 23:10:11 localhost kernel: pnp: PnP ACPI init
Nov 13 23:10:11 localhost kernel: pnp: PnP ACPI: found 2 devices
Nov 13 23:10:11 localhost kernel: clocksource: acpi_pm: mask: 0xffffff max_cycles: 0xffffff, max_idle_ns: 2085701024 ns
Nov 13 23:10:11 localhost kernel: NET: Registered protocol family 2
Nov 13 23:10:11 localhost kernel: TCP established hash table entries: 32768 (order: 6, 262144 bytes)
Nov 13 23:10:11 localhost kernel: TCP bind hash table entries: 32768 (order: 7, 524288 bytes)
Nov 13 23:10:11 localhost kernel: TCP: Hash tables configured (established 32768 bind 32768)
Nov 13 23:10:11 localhost kernel: UDP hash table entries: 2048 (order: 4, 65536 bytes)
Nov 13 23:10:11 localhost kernel: UDP-Lite hash table entries: 2048 (order: 4, 65536 bytes)
Nov 13 23:10:11 localhost kernel: NET: Registered protocol family 1
Nov 13 23:10:11 localhost kernel: pci 0000:00:00.0: Limiting direct PCI/PCI transfers
Nov 13 23:10:11 localhost kernel: pci 0000:00:01.0: Activating ISA DMA hang workarounds
Nov 13 23:10:11 localhost kernel: pci 0000:00:02.0: Video device with shadowed ROM at [mem 0x000c0000-0x000dffff]
Nov 13 23:10:11 localhost kernel: Unpacking initramfs...
Nov 13 23:10:11 localhost kernel: Freeing initrd memory: 21112K
Nov 13 23:10:11 localhost kernel: PCI-DMA: Using software bounce buffering for IO (SWIOTLB)
Nov 13 23:10:11 localhost kernel: software IO TLB [mem 0xdbff0000-0xdfff0000] (64MB) mapped at [ffff9cd3dbff0000-ffff9cd3dffeffff]
Nov 13 23:10:11 localhost kernel: platform rtc_cmos: registered platform RTC device (no PNP device found)
Nov 13 23:10:11 localhost kernel: audit: initializing netlink subsys (disabled)
Nov 13 23:10:11 localhost kernel: audit: type=2000 audit(1510650619.054:1): state=initialized audit_enabled=0 res=1
Nov 13 23:10:11 localhost kernel: Initialise system trusted keyrings
Nov 13 23:10:11 localhost kernel: Key type blacklist registered
Nov 13 23:10:11 localhost kernel: workingset: timestamp_bits=36 max_order=20 bucket_order=0
Nov 13 23:10:11 localhost kernel: zbud: loaded
Nov 13 23:10:11 localhost kernel: NET: Registered protocol family 38
Nov 13 23:10:11 localhost kernel: Key type asymmetric registered
Nov 13 23:10:11 localhost kernel: Asymmetric key parser 'x509' registered
Nov 13 23:10:11 localhost kernel: Block layer SCSI generic (bsg) driver version 0.4 loaded (major 248)
Nov 13 23:10:11 localhost kernel: io scheduler noop registered
Nov 13 23:10:11 localhost kernel: io scheduler deadline registered
Nov 13 23:10:11 localhost kernel: io scheduler cfq registered (default)
Nov 13 23:10:11 localhost kernel: io scheduler mq-deadline registered
Nov 13 23:10:11 localhost kernel: atomic64_test: passed for x86-64 platform with CX8 and with SSE
Nov 13 23:10:11 localhost kernel: ACPI: AC Adapter [AC] (off-line)
Nov 13 23:10:11 localhost kernel: input: Power Button as /devices/LNXSYSTM:00/LNXPWRBN:00/input/input0
Nov 13 23:10:11 localhost kernel: ACPI: Power Button [PWRF]
Nov 13 23:10:11 localhost kernel: input: Sleep Button as /devices/LNXSYSTM:00/LNXSLPBN:00/input/input1
Nov 13 23:10:11 localhost kernel: ACPI: Sleep Button [SLPF]
Nov 13 23:10:11 localhost kernel: GHES: HEST is not enabled!
Nov 13 23:10:11 localhost kernel: ACPI: Battery Slot [BAT0] (battery present)
Nov 13 23:10:11 localhost kernel: Serial: 8250/16550 driver, 32 ports, IRQ sharing enabled
Nov 13 23:10:11 localhost kernel: Non-volatile memory driver v1.3
Nov 13 23:10:11 localhost kernel: Linux agpgart interface v0.103
Nov 13 23:10:11 localhost kernel: ahci 0000:00:0d.0: SSS flag set, parallel bus scan disabled
Nov 13 23:10:11 localhost kernel: ahci 0000:00:0d.0: AHCI 0001.0100 32 slots 2 ports 3 Gbps 0x3 impl SATA mode
Nov 13 23:10:11 localhost kernel: ahci 0000:00:0d.0: flags: 64bit ncq stag only ccc 
Nov 13 23:10:11 localhost kernel: scsi host0: ahci
Nov 13 23:10:11 localhost kernel: scsi host1: ahci
Nov 13 23:10:11 localhost kernel: ata1: SATA max UDMA/133 abar m8192@0xf0806000 port 0xf0806100 irq 21
Nov 13 23:10:11 localhost kernel: ata2: SATA max UDMA/133 abar m8192@0xf0806000 port 0xf0806180 irq 21
Nov 13 23:10:11 localhost kernel: libphy: Fixed MDIO Bus: probed
Nov 13 23:10:11 localhost kernel: ehci_hcd: USB 2.0 'Enhanced' Host Controller (EHCI) Driver
Nov 13 23:10:11 localhost kernel: ehci-pci: EHCI PCI platform driver
Nov 13 23:10:11 localhost kernel: ohci_hcd: USB 1.1 'Open' Host Controller (OHCI) Driver
Nov 13 23:10:11 localhost kernel: ohci-pci: OHCI PCI platform driver
Nov 13 23:10:11 localhost kernel: ohci-pci 0000:00:06.0: OHCI PCI host controller
Nov 13 23:10:11 localhost kernel: ohci-pci 0000:00:06.0: new USB bus registered, assigned bus number 1
Nov 13 23:10:11 localhost kernel: ohci-pci 0000:00:06.0: irq 22, io mem 0xf0804000
Nov 13 23:10:11 localhost kernel: usb usb1: New USB device found, idVendor=1d6b, idProduct=0001
Nov 13 23:10:11 localhost kernel: usb usb1: New USB device strings: Mfr=3, Product=2, SerialNumber=1
Nov 13 23:10:11 localhost kernel: usb usb1: Product: OHCI PCI host controller
Nov 13 23:10:11 localhost kernel: usb usb1: Manufacturer: Linux 4.13.12-200.fc26.x86_64 ohci_hcd
Nov 13 23:10:11 localhost kernel: usb usb1: SerialNumber: 0000:00:06.0
Nov 13 23:10:11 localhost kernel: hub 1-0:1.0: USB hub found
Nov 13 23:10:11 localhost kernel: hub 1-0:1.0: 12 ports detected
Nov 13 23:10:11 localhost kernel: uhci_hcd: USB Universal Host Controller Interface driver
Nov 13 23:10:11 localhost kernel: usbcore: registered new interface driver usbserial
Nov 13 23:10:11 localhost kernel: usbcore: registered new interface driver usbserial_generic
Nov 13 23:10:11 localhost kernel: usbserial: USB Serial support registered for generic
Nov 13 23:10:11 localhost kernel: i8042: PNP: PS/2 Controller [PNP0303:PS2K,PNP0f03:PS2M] at 0x60,0x64 irq 1,12
Nov 13 23:10:11 localhost kernel: serio: i8042 KBD port at 0x60,0x64 irq 1
Nov 13 23:10:11 localhost kernel: serio: i8042 AUX port at 0x60,0x64 irq 12
Nov 13 23:10:11 localhost kernel: mousedev: PS/2 mouse device common for all mice
Nov 13 23:10:11 localhost kernel: rtc_cmos rtc_cmos: rtc core: registered rtc_cmos as rtc0
Nov 13 23:10:11 localhost kernel: rtc_cmos rtc_cmos: alarms up to one day, 114 bytes nvram
Nov 13 23:10:11 localhost kernel: input: AT Translated Set 2 keyboard as /devices/platform/i8042/serio0/input/input2
Nov 13 23:10:11 localhost kernel: device-mapper: uevent: version 1.0.3
Nov 13 23:10:11 localhost kernel: device-mapper: ioctl: 4.37.0-ioctl (2017-09-20) initialised: dm-devel@redhat.com
Nov 13 23:10:11 localhost kernel: hidraw: raw HID events driver (C) Jiri Kosina
Nov 13 23:10:11 localhost kernel: usbcore: registered new interface driver usbhid
Nov 13 23:10:11 localhost kernel: usbhid: USB HID core driver
Nov 13 23:10:11 localhost kernel: drop_monitor: Initializing network drop monitor service
Nov 13 23:10:11 localhost kernel: ip_tables: (C) 2000-2006 Netfilter Core Team
Nov 13 23:10:11 localhost kernel: Initializing XFRM netlink socket
Nov 13 23:10:11 localhost kernel: NET: Registered protocol family 10
Nov 13 23:10:11 localhost kernel: Segment Routing with IPv6
Nov 13 23:10:11 localhost kernel: mip6: Mobile IPv6
Nov 13 23:10:11 localhost kernel: NET: Registered protocol family 17
Nov 13 23:10:11 localhost kernel: RAS: Correctable Errors collector initialized.
Nov 13 23:10:11 localhost kernel: AVX2 version of gcm_enc/dec engaged.
Nov 13 23:10:11 localhost kernel: AES CTR mode by8 optimization enabled
Nov 13 23:10:11 localhost kernel: sched_clock: Marking stable (811002272, 0)->(1097676365, -286674093)
Nov 13 23:10:11 localhost kernel: registered taskstats version 1
Nov 13 23:10:11 localhost kernel: Loading compiled-in X.509 certificates
Nov 13 23:10:11 localhost kernel: Loaded X.509 cert 'Fedora kernel signing key: 70bf39ea1bac6b5f75e60620688c3ad1bacc0a56'
Nov 13 23:10:11 localhost kernel: zswap: loaded using pool lzo/zbud
Nov 13 23:10:11 localhost kernel: Key type big_key registered
Nov 13 23:10:11 localhost kernel: Key type encrypted registered
Nov 13 23:10:11 localhost kernel:  Magic number: 9:121:161
Nov 13 23:10:11 localhost kernel: rtc_cmos rtc_cmos: setting system clock to 2017-11-14 04:10:09 UTC (1510632609)
Nov 13 23:10:11 localhost kernel: input: ImExPS/2 Generic Explorer Mouse as /devices/platform/i8042/serio1/input/input4
Nov 13 23:10:11 localhost kernel: ata1: SATA link up 3.0 Gbps (SStatus 123 SControl 300)
Nov 13 23:10:11 localhost kernel: tsc: Refined TSC clocksource calibration: 2193.713 MHz
Nov 13 23:10:11 localhost kernel: clocksource: tsc: mask: 0xffffffffffffffff max_cycles: 0x1f9effcf23e, max_idle_ns: 440795310643 ns
Nov 13 23:10:11 localhost kernel: ata1.00: ATA-8: VBOX HARDDISK, 1.0, max UDMA/133
Nov 13 23:10:11 localhost kernel: ata1.00: 104857600 sectors, multi 128: LBA48 NCQ (depth 31/32)
Nov 13 23:10:11 localhost kernel: ata1.00: ATA Identify Device Log not supported
Nov 13 23:10:11 localhost kernel: ata1.00: Security Log not supported
Nov 13 23:10:11 localhost kernel: ata1.00: ATA Identify Device Log not supported
Nov 13 23:10:11 localhost kernel: ata1.00: Security Log not supported
Nov 13 23:10:11 localhost kernel: ata1.00: configured for UDMA/133
Nov 13 23:10:11 localhost kernel: scsi 0:0:0:0: Direct-Access     ATA      VBOX HARDDISK    1.0  PQ: 0 ANSI: 5
Nov 13 23:10:11 localhost kernel: sd 0:0:0:0: [sda] 104857600 512-byte logical blocks: (53.7 GB/50.0 GiB)
Nov 13 23:10:11 localhost kernel: sd 0:0:0:0: [sda] Write Protect is off
Nov 13 23:10:11 localhost kernel: sd 0:0:0:0: [sda] Write cache: enabled, read cache: enabled, doesn't support DPO or FUA
Nov 13 23:10:11 localhost kernel: sd 0:0:0:0: Attached scsi generic sg0 type 0
Nov 13 23:10:11 localhost kernel: sda: sda1 sda2
Nov 13 23:10:11 localhost kernel: sd 0:0:0:0: [sda] Attached SCSI disk
Nov 13 23:10:11 localhost kernel: ata2: SATA link up 3.0 Gbps (SStatus 123 SControl 300)
Nov 13 23:10:11 localhost kernel: ata2.00: ATAPI: VBOX CD-ROM, 1.0, max UDMA/133
Nov 13 23:10:11 localhost kernel: ata2.00: applying bridge limits
Nov 13 23:10:11 localhost kernel: ata2.00: configured for UDMA/100
Nov 13 23:10:11 localhost kernel: scsi 1:0:0:0: CD-ROM            VBOX     CD-ROM           1.0  PQ: 0 ANSI: 5
Nov 13 23:10:11 localhost kernel: sr 1:0:0:0: [sr0] scsi-1 drive
Nov 13 23:10:11 localhost kernel: cdrom: Uniform CD-ROM driver Revision: 3.20
Nov 13 23:10:11 localhost kernel: sr 1:0:0:0: Attached scsi generic sg1 type 5
Nov 13 23:10:11 localhost kernel: Freeing unused kernel memory: 2224K
Nov 13 23:10:11 localhost kernel: Write protecting the kernel read-only data: 14336k
Nov 13 23:10:11 localhost kernel: Freeing unused kernel memory: 1396K
Nov 13 23:10:11 localhost kernel: Freeing unused kernel memory: 336K
Nov 13 23:10:11 localhost kernel: x86/mm: Checked W+X mappings: passed, no W+X pages found.
Nov 13 23:10:11 localhost kernel: rodata_test: all tests were successful
Nov 13 23:10:11 localhost systemd[1]: systemd 233 running in system mode. (+PAM +AUDIT +SELINUX +IMA -APPARMOR +SMACK +SYSVINIT +UTMP +LIBCRYPTSETUP +GCRYPT +GNUTLS +ACL +XZ +LZ4 +SECCOMP +BLKID +ELFUTILS +KMOD +IDN default-hierarchy=hybrid)
Nov 13 23:10:11 localhost systemd[1]: Detected virtualization oracle.
Nov 13 23:10:11 localhost systemd[1]: Detected architecture x86-64.
Nov 13 23:10:11 localhost systemd[1]: Running in initial RAM disk.
Nov 13 23:10:11 localhost systemd[1]: Set hostname to <localhost.localdomain>.
Nov 13 23:10:11 localhost kernel: usb 1-1: new full-speed USB device number 2 using ohci-pci
Nov 13 23:10:11 localhost systemd[1]: Listening on Journal Socket.
Nov 13 23:10:11 localhost systemd[1]: Listening on udev Kernel Socket.
Nov 13 23:10:11 localhost systemd[1]: Reached target Timers.
Nov 13 23:10:11 localhost systemd[1]: Listening on Journal Audit Socket.
Nov 13 23:10:11 localhost systemd[1]: Reached target Swap.
Nov 13 23:10:11 localhost systemd-journald[183]: Journal started
Nov 13 23:10:11 localhost systemd-journald[183]: Runtime journal (/run/log/journal/43984e5d6a53497386228a63071dbae2) is 8.0M, max 197.4M, 189.4M free.
Nov 13 23:10:11 localhost audit[1]: SERVICE_START pid=1 uid=0 auid=4294967295 ses=4294967295 subj=kernel msg='unit=systemd-journald comm="systemd" exe="/usr/lib/systemd/systemd" hostname=? addr=? terminal=? res=success'
Nov 13 23:10:11 localhost systemd-sysctl[184]: Couldn't write '0' to 'net/bridge/bridge-nf-call-ip6tables', ignoring: No such file or directory
Nov 13 23:10:11 localhost systemd-sysctl[184]: Couldn't write '0' to 'net/bridge/bridge-nf-call-iptables', ignoring: No such file or directory
Nov 13 23:10:11 localhost systemd-sysctl[184]: Couldn't write '0' to 'net/bridge/bridge-nf-call-arptables', ignoring: No such file or directory
Nov 13 23:10:11 localhost dracut-cmdline[186]: dracut-26 (Server Edition) dracut-046-2.git20170811.fc26
Nov 13 23:10:11 localhost dracut-cmdline[186]: Using kernel command line parameters: BOOT_IMAGE=/vmlinuz-4.13.12-200.fc26.x86_64 root=/dev/mapper/fedora-root ro rd.lvm.lv=fedora/root rd.lvm.lv=fedora/swap rhgb quiet LANG=en_US.UTF-8
Nov 13 23:10:11 localhost systemd[1]: Started dracut cmdline hook.
Nov 13 23:10:11 localhost systemd[1]: Starting dracut pre-udev hook...
Nov 13 23:10:11 localhost audit[1]: SERVICE_START pid=1 uid=0 auid=4294967295 ses=4294967295 subj=kernel msg='unit=dracut-cmdline comm="systemd" exe="/usr/lib/systemd/systemd" hostname=? addr=? terminal=? res=success'
Nov 13 23:10:11 localhost kernel: audit: type=1130 audit(1510632611.257:2): pid=1 uid=0 auid=4294967295 ses=4294967295 subj=kernel msg='unit=systemd-journald comm="systemd" exe="/usr/lib/systemd/systemd" hostname=? addr=? terminal=? res=success'
Nov 13 23:10:11 localhost kernel: audit: type=1130 audit(1510632611.331:3): pid=1 uid=0 auid=4294967295 ses=4294967295 subj=kernel msg='unit=dracut-cmdline comm="systemd" exe="/usr/lib/systemd/systemd" hostname=? addr=? terminal=? res=success'
Nov 13 23:10:11 localhost systemd[1]: Started dracut pre-udev hook.
Nov 13 23:10:11 localhost audit[1]: SERVICE_START pid=1 uid=0 auid=4294967295 ses=4294967295 subj=kernel msg='unit=dracut-pre-udev comm="systemd" exe="/usr/lib/systemd/systemd" hostname=? addr=? terminal=? res=success'
Nov 13 23:10:11 localhost kernel: audit: type=1130 audit(1510632611.363:4): pid=1 uid=0 auid=4294967295 ses=4294967295 subj=kernel msg='unit=dracut-pre-udev comm="systemd" exe="/usr/lib/systemd/systemd" hostname=? addr=? terminal=? res=success'
Nov 13 23:10:11 localhost systemd[1]: Starting udev Kernel Device Manager...
Nov 13 23:10:11 localhost systemd[1]: Started udev Kernel Device Manager.
Nov 13 23:10:11 localhost audit[1]: SERVICE_START pid=1 uid=0 auid=4294967295 ses=4294967295 subj=kernel msg='unit=systemd-udevd comm="systemd" exe="/usr/lib/systemd/systemd" hostname=? addr=? terminal=? res=success'
Nov 13 23:10:11 localhost systemd[1]: Starting udev Coldplug all Devices...
Nov 13 23:10:11 localhost kernel: audit: type=1130 audit(1510632611.371:5): pid=1 uid=0 auid=4294967295 ses=4294967295 subj=kernel msg='unit=systemd-udevd comm="systemd" exe="/usr/lib/systemd/systemd" hostname=? addr=? terminal=? res=success'
Nov 13 23:10:11 localhost kernel: usb 1-1: New USB device found, idVendor=80ee, idProduct=0021
Nov 13 23:10:11 localhost kernel: usb 1-1: New USB device strings: Mfr=1, Product=3, SerialNumber=0
Nov 13 23:10:11 localhost kernel: usb 1-1: Product: USB Tablet
Nov 13 23:10:11 localhost kernel: usb 1-1: Manufacturer: VirtualBox
Nov 13 23:10:11 localhost systemd[1]: Mounting Configuration File System...
Nov 13 23:10:11 localhost systemd[1]: Mounted Configuration File System.
Nov 13 23:10:11 localhost audit[1]: SERVICE_START pid=1 uid=0 auid=4294967295 ses=4294967295 subj=kernel msg='unit=systemd-udev-trigger comm="systemd" exe="/usr/lib/systemd/systemd" hostname=? addr=? terminal=? res=success'
Nov 13 23:10:11 localhost systemd[1]: Started udev Coldplug all Devices.
Nov 13 23:10:11 localhost systemd[1]: Starting dracut initqueue hook...
Nov 13 23:10:11 localhost systemd[1]: Reached target System Initialization.
Nov 13 23:10:11 localhost kernel: input: VirtualBox USB Tablet as /devices/pci0000:00/0000:00:06.0/usb1/1-1/1-1:1.0/0003:80EE:0021.0001/input/input5
Nov 13 23:10:11 localhost kernel: hid-generic 0003:80EE:0021.0001: input,hidraw0: USB HID v1.10 Mouse [VirtualBox USB Tablet] on usb-0000:00:06.0-1/input0
Nov 13 23:10:11 localhost kernel: audit: type=1130 audit(1510632611.427:6): pid=1 uid=0 auid=4294967295 ses=4294967295 subj=kernel msg='unit=systemd-udev-trigger comm="systemd" exe="/usr/lib/systemd/systemd" hostname=? addr=? terminal=? res=success'
Nov 13 23:10:11 localhost kernel: e1000: Intel(R) PRO/1000 Network Driver - version 7.3.21-k8-NAPI
Nov 13 23:10:11 localhost kernel: e1000: Copyright (c) 1999-2006 Intel Corporation.
Nov 13 23:10:11 localhost systemd[1]: Started Setup Virtual Console.
Nov 13 23:10:11 localhost audit[1]: SERVICE_START pid=1 uid=0 auid=4294967295 ses=4294967295 subj=kernel msg='unit=systemd-vconsole-setup comm="systemd" exe="/usr/lib/systemd/systemd" hostname=? addr=? terminal=? res=success'
Nov 13 23:10:11 localhost audit[1]: SERVICE_STOP pid=1 uid=0 auid=4294967295 ses=4294967295 subj=kernel msg='unit=systemd-vconsole-setup comm="systemd" exe="/usr/lib/systemd/systemd" hostname=? addr=? terminal=? res=success'
Nov 13 23:10:11 localhost kernel: audit: type=1130 audit(1510632611.495:7): pid=1 uid=0 auid=4294967295 ses=4294967295 subj=kernel msg='unit=systemd-vconsole-setup comm="systemd" exe="/usr/lib/systemd/systemd" hostname=? addr=? terminal=? res=success'
Nov 13 23:10:11 localhost kernel: audit: type=1131 audit(1510632611.495:8): pid=1 uid=0 auid=4294967295 ses=4294967295 subj=kernel msg='unit=systemd-vconsole-setup comm="systemd" exe="/usr/lib/systemd/systemd" hostname=? addr=? terminal=? res=success'
Nov 13 23:10:11 localhost systemd[1]: Starting Show Plymouth Boot Screen...
Nov 13 23:10:11 localhost systemd[1]: Started Show Plymouth Boot Screen.
Nov 13 23:10:11 localhost systemd[1]: Reached target Paths.
Nov 13 23:10:11 localhost systemd[1]: Started Forward Password Requests to Plymouth Directory Watch.
Nov 13 23:10:11 localhost systemd[1]: Reached target Basic System.
Nov 13 23:10:11 localhost audit[1]: SERVICE_START pid=1 uid=0 auid=4294967295 ses=4294967295 subj=kernel msg='unit=plymouth-start comm="systemd" exe="/usr/lib/systemd/systemd" hostname=? addr=? terminal=? res=success'
Nov 13 23:10:11 localhost kernel: audit: type=1130 audit(1510632611.514:9): pid=1 uid=0 auid=4294967295 ses=4294967295 subj=kernel msg='unit=plymouth-start comm="systemd" exe="/usr/lib/systemd/systemd" hostname=? addr=? terminal=? res=success'
Nov 13 23:10:11 localhost systemd-udevd[315]: link_config: autonegotiation is unset or enabled, the speed and duplex are not writable.
Nov 13 23:10:11 localhost kernel: vboxvideo: module is from the staging directory, the quality is unknown, you have been warned.
Nov 13 23:10:11 localhost kernel: e1000 0000:00:03.0 eth0: (PCI:33MHz:32-bit) 08:00:27:de:c3:48
Nov 13 23:10:11 localhost kernel: e1000 0000:00:03.0 eth0: Intel(R) PRO/1000 Network Connection
Nov 13 23:10:11 localhost kernel: [drm] VRAM 10000000
Nov 13 23:10:11 localhost kernel: [TTM] Zone  kernel: Available graphics memory: 2022042 kiB
Nov 13 23:10:11 localhost kernel: [TTM] Initializing pool allocator
Nov 13 23:10:11 localhost kernel: [TTM] Initializing DMA pool allocator
Nov 13 23:10:11 localhost systemd-udevd[313]: link_config: autonegotiation is unset or enabled, the speed and duplex are not writable.
Nov 13 23:10:11 localhost kernel: fbcon: vboxdrmfb (fb0) is primary device
Nov 13 23:10:11 localhost kernel: e1000 0000:00:03.0 enp0s3: renamed from eth0
Nov 13 23:10:11 localhost kernel: Console: switching to colour frame buffer device 100x37
Nov 13 23:10:11 localhost kernel: vboxvideo 0000:00:02.0: fb0: vboxdrmfb frame buffer device
Nov 13 23:10:11 localhost kernel: [drm] Initialized vboxvideo 1.0.0 20130823 for 0000:00:02.0 on minor 0
Nov 13 23:10:12 localhost dracut-initqueue[325]: Scanning devices sda2  for LVM logical volumes fedora/root fedora/swap
Nov 13 23:10:12 localhost dracut-initqueue[325]: inactive '/dev/fedora/swap' [3.98 GiB] inherit
Nov 13 23:10:12 localhost dracut-initqueue[325]: inactive '/dev/fedora/root' [15.00 GiB] inherit
Nov 13 23:10:12 localhost systemd[1]: Found device /dev/mapper/fedora-root.
Nov 13 23:10:12 localhost systemd[1]: Reached target Initrd Root Device.
Nov 13 23:10:12 localhost kernel: audit: type=1130 audit(1510632612.174:10): pid=1 uid=0 auid=4294967295 ses=4294967295 subj=kernel msg='unit=dracut-initqueue comm="systemd" exe="/usr/lib/systemd/systemd" hostname=? addr=? terminal=? res=success'
Nov 13 23:10:12 localhost audit[1]: SERVICE_START pid=1 uid=0 auid=4294967295 ses=4294967295 subj=kernel msg='unit=dracut-initqueue comm="systemd" exe="/usr/lib/systemd/systemd" hostname=? addr=? terminal=? res=success'
Nov 13 23:10:12 localhost systemd[1]: Started dracut initqueue hook.
Nov 13 23:10:12 localhost systemd[1]: Starting File System Check on /dev/mapper/fedora-root...
Nov 13 23:10:12 localhost systemd[1]: Reached target Remote File Systems (Pre).
Nov 13 23:10:12 localhost systemd[1]: Reached target Remote File Systems.
Nov 13 23:10:12 localhost systemd-fsck[430]: /usr/sbin/fsck.xfs: XFS file system.
Nov 13 23:10:12 localhost systemd[1]: Started File System Check on /dev/mapper/fedora-root.
Nov 13 23:10:12 localhost audit[1]: SERVICE_START pid=1 uid=0 auid=4294967295 ses=4294967295 subj=kernel msg='unit=systemd-fsck-root comm="systemd" exe="/usr/lib/systemd/systemd" hostname=? addr=? terminal=? res=success'
Nov 13 23:10:12 localhost systemd[1]: Mounting /sysroot...
Nov 13 23:10:12 localhost kernel: SGI XFS with ACLs, security attributes, no debug enabled
Nov 13 23:10:12 localhost kernel: XFS (dm-0): Mounting V5 Filesystem
Nov 13 23:10:12 localhost kernel: XFS (dm-0): Starting recovery (logdev: internal)
Nov 13 23:10:12 localhost kernel: XFS (dm-0): Ending recovery (logdev: internal)
Nov 13 23:10:12 localhost systemd[1]: Mounted /sysroot.
Nov 13 23:10:12 localhost systemd[1]: Reached target Initrd Root File System.
Nov 13 23:10:12 localhost systemd[1]: Starting Reload Configuration from the Real Root...
Nov 13 23:10:12 localhost systemd[1]: Reloading.
Nov 13 23:10:12 localhost systemd[1]: Started Reload Configuration from the Real Root.
Nov 13 23:10:12 localhost systemd[1]: Reached target Initrd File Systems.
Nov 13 23:10:12 localhost systemd[1]: Reached target Initrd Default Target.
Nov 13 23:10:12 localhost audit[1]: SERVICE_START pid=1 uid=0 auid=4294967295 ses=4294967295 subj=kernel msg='unit=initrd-parse-etc comm="systemd" exe="/usr/lib/systemd/systemd" hostname=? addr=? terminal=? res=success'
Nov 13 23:10:12 localhost audit[1]: SERVICE_STOP pid=1 uid=0 auid=4294967295 ses=4294967295 subj=kernel msg='unit=initrd-parse-etc comm="systemd" exe="/usr/lib/systemd/systemd" hostname=? addr=? terminal=? res=success'
Nov 13 23:10:12 localhost systemd[1]: Starting dracut pre-pivot and cleanup hook...
Nov 13 23:10:12 localhost systemd[1]: Started dracut pre-pivot and cleanup hook.
Nov 13 23:10:12 localhost audit[1]: SERVICE_START pid=1 uid=0 auid=4294967295 ses=4294967295 subj=kernel msg='unit=dracut-pre-pivot comm="systemd" exe="/usr/lib/systemd/systemd" hostname=? addr=? terminal=? res=success'
Nov 13 23:10:12 localhost systemd[1]: Starting Cleaning Up and Shutting Down Daemons...
Nov 13 23:10:12 localhost systemd[1]: Starting Plymouth switch root service...
Nov 13 23:10:12 localhost systemd[1]: Stopped dracut pre-pivot and cleanup hook.
Nov 13 23:10:12 localhost audit[1]: SERVICE_STOP pid=1 uid=0 auid=4294967295 ses=4294967295 subj=kernel msg='unit=dracut-pre-pivot comm="systemd" exe="/usr/lib/systemd/systemd" hostname=? addr=? terminal=? res=success'
Nov 13 23:10:12 localhost systemd[1]: Stopped target Timers.
Nov 13 23:10:12 localhost systemd[1]: Stopped target Initrd Default Target.
Nov 13 23:10:12 localhost systemd[1]: Stopped target Basic System.
Nov 13 23:10:12 localhost systemd[1]: Stopped target Slices.
Nov 13 23:10:12 localhost systemd[1]: Stopped target System Initialization.
Nov 13 23:10:12 localhost systemd[1]: Stopped target Swap.
Nov 13 23:10:12 localhost systemd[1]: Stopping udev Kernel Device Manager...
Nov 13 23:10:12 localhost systemd[1]: Stopped Create Volatile Files and Directories.
Nov 13 23:10:12 localhost audit[1]: SERVICE_START pid=1 uid=0 auid=4294967295 ses=4294967295 subj=kernel msg='unit=systemd-tmpfiles-setup comm="systemd" exe="/usr/lib/systemd/systemd" hostname=? addr=? terminal=? res=success'
Nov 13 23:10:12 localhost audit[1]: SERVICE_STOP pid=1 uid=0 auid=4294967295 ses=4294967295 subj=kernel msg='unit=systemd-tmpfiles-setup comm="systemd" exe="/usr/lib/systemd/systemd" hostname=? addr=? terminal=? res=success'
Nov 13 23:10:12 localhost systemd[1]: Stopped target Local File Systems.
Nov 13 23:10:12 localhost systemd[1]: Stopped target Paths.
Nov 13 23:10:12 localhost systemd[1]: Stopped target Sockets.
Nov 13 23:10:12 localhost systemd[1]: Stopped Apply Kernel Variables.
Nov 13 23:10:12 localhost audit[1]: SERVICE_START pid=1 uid=0 auid=4294967295 ses=4294967295 subj=kernel msg='unit=systemd-sysctl comm="systemd" exe="/usr/lib/systemd/systemd" hostname=? addr=? terminal=? res=success'
Nov 13 23:10:12 localhost audit[1]: SERVICE_STOP pid=1 uid=0 auid=4294967295 ses=4294967295 subj=kernel msg='unit=systemd-sysctl comm="systemd" exe="/usr/lib/systemd/systemd" hostname=? addr=? terminal=? res=success'
Nov 13 23:10:12 localhost systemd[1]: Stopped target Remote File Systems.
Nov 13 23:10:12 localhost systemd[1]: Stopped target Remote File Systems (Pre).
Nov 13 23:10:12 localhost systemd[1]: Stopped target Initrd Root Device.
Nov 13 23:10:12 localhost systemd[1]: Starting Setup Virtual Console...
Nov 13 23:10:12 localhost systemd[1]: Stopped dracut initqueue hook.
Nov 13 23:10:12 localhost audit[1]: SERVICE_START pid=1 uid=0 auid=4294967295 ses=4294967295 subj=kernel msg='unit=dracut-initqueue comm="systemd" exe="/usr/lib/systemd/systemd" hostname=? addr=? terminal=? res=success'
Nov 13 23:10:12 localhost audit[1]: SERVICE_STOP pid=1 uid=0 auid=4294967295 ses=4294967295 subj=kernel msg='unit=dracut-initqueue comm="systemd" exe="/usr/lib/systemd/systemd" hostname=? addr=? terminal=? res=success'
Nov 13 23:10:12 localhost systemd[1]: Stopped udev Coldplug all Devices.
Nov 13 23:10:12 localhost audit[1]: SERVICE_START pid=1 uid=0 auid=4294967295 ses=4294967295 subj=kernel msg='unit=systemd-udev-trigger comm="systemd" exe="/usr/lib/systemd/systemd" hostname=? addr=? terminal=? res=success'
Nov 13 23:10:12 localhost audit[1]: SERVICE_STOP pid=1 uid=0 auid=4294967295 ses=4294967295 subj=kernel msg='unit=systemd-udev-trigger comm="systemd" exe="/usr/lib/systemd/systemd" hostname=? addr=? terminal=? res=success'
Nov 13 23:10:12 localhost systemd[1]: Started Cleaning Up and Shutting Down Daemons.
Nov 13 23:10:12 localhost audit[1]: SERVICE_START pid=1 uid=0 auid=4294967295 ses=4294967295 subj=kernel msg='unit=initrd-cleanup comm="systemd" exe="/usr/lib/systemd/systemd" hostname=? addr=? terminal=? res=success'
Nov 13 23:10:12 localhost audit[1]: SERVICE_STOP pid=1 uid=0 auid=4294967295 ses=4294967295 subj=kernel msg='unit=initrd-cleanup comm="systemd" exe="/usr/lib/systemd/systemd" hostname=? addr=? terminal=? res=success'
Nov 13 23:10:12 localhost systemd[1]: Stopped udev Kernel Device Manager.
Nov 13 23:10:12 localhost audit[1]: SERVICE_START pid=1 uid=0 auid=4294967295 ses=4294967295 subj=kernel msg='unit=systemd-udevd comm="systemd" exe="/usr/lib/systemd/systemd" hostname=? addr=? terminal=? res=success'
Nov 13 23:10:12 localhost audit[1]: SERVICE_STOP pid=1 uid=0 auid=4294967295 ses=4294967295 subj=kernel msg='unit=systemd-udevd comm="systemd" exe="/usr/lib/systemd/systemd" hostname=? addr=? terminal=? res=success'
Nov 13 23:10:12 localhost systemd[1]: Started Plymouth switch root service.
Nov 13 23:10:12 localhost audit[1]: SERVICE_START pid=1 uid=0 auid=4294967295 ses=4294967295 subj=kernel msg='unit=plymouth-switch-root comm="systemd" exe="/usr/lib/systemd/systemd" hostname=? addr=? terminal=? res=success'
Nov 13 23:10:12 localhost audit[1]: SERVICE_STOP pid=1 uid=0 auid=4294967295 ses=4294967295 subj=kernel msg='unit=plymouth-switch-root comm="systemd" exe="/usr/lib/systemd/systemd" hostname=? addr=? terminal=? res=success'
Nov 13 23:10:12 localhost systemd[1]: Stopped dracut pre-udev hook.
Nov 13 23:10:12 localhost audit[1]: SERVICE_START pid=1 uid=0 auid=4294967295 ses=4294967295 subj=kernel msg='unit=dracut-pre-udev comm="systemd" exe="/usr/lib/systemd/systemd" hostname=? addr=? terminal=? res=success'
Nov 13 23:10:12 localhost audit[1]: SERVICE_STOP pid=1 uid=0 auid=4294967295 ses=4294967295 subj=kernel msg='unit=dracut-pre-udev comm="systemd" exe="/usr/lib/systemd/systemd" hostname=? addr=? terminal=? res=success'
Nov 13 23:10:12 localhost systemd[1]: Stopped dracut cmdline hook.
Nov 13 23:10:12 localhost audit[1]: SERVICE_START pid=1 uid=0 auid=4294967295 ses=4294967295 subj=kernel msg='unit=dracut-cmdline comm="systemd" exe="/usr/lib/systemd/systemd" hostname=? addr=? terminal=? res=success'
Nov 13 23:10:12 localhost audit[1]: SERVICE_STOP pid=1 uid=0 auid=4294967295 ses=4294967295 subj=kernel msg='unit=dracut-cmdline comm="systemd" exe="/usr/lib/systemd/systemd" hostname=? addr=? terminal=? res=success'
Nov 13 23:10:12 localhost systemd[1]: Stopped Create Static Device Nodes in /dev.
Nov 13 23:10:12 localhost audit[1]: SERVICE_START pid=1 uid=0 auid=4294967295 ses=4294967295 subj=kernel msg='unit=systemd-tmpfiles-setup-dev comm="systemd" exe="/usr/lib/systemd/systemd" hostname=? addr=? terminal=? res=success'
Nov 13 23:10:12 localhost audit[1]: SERVICE_STOP pid=1 uid=0 auid=4294967295 ses=4294967295 subj=kernel msg='unit=systemd-tmpfiles-setup-dev comm="systemd" exe="/usr/lib/systemd/systemd" hostname=? addr=? terminal=? res=success'
Nov 13 23:10:12 localhost systemd[1]: Stopped Create list of required static device nodes for the current kernel.
Nov 13 23:10:12 localhost audit[1]: SERVICE_START pid=1 uid=0 auid=4294967295 ses=4294967295 subj=kernel msg='unit=kmod-static-nodes comm="systemd" exe="/usr/lib/systemd/systemd" hostname=? addr=? terminal=? res=success'
Nov 13 23:10:12 localhost audit[1]: SERVICE_STOP pid=1 uid=0 auid=4294967295 ses=4294967295 subj=kernel msg='unit=kmod-static-nodes comm="systemd" exe="/usr/lib/systemd/systemd" hostname=? addr=? terminal=? res=success'
Nov 13 23:10:12 localhost systemd[1]: Closed udev Kernel Socket.
Nov 13 23:10:12 localhost systemd[1]: Closed udev Control Socket.
Nov 13 23:10:12 localhost systemd[1]: Starting Cleanup udevd DB...
Nov 13 23:10:12 localhost audit[1]: SERVICE_START pid=1 uid=0 auid=4294967295 ses=4294967295 subj=kernel msg='unit=initrd-udevadm-cleanup-db comm="systemd" exe="/usr/lib/systemd/systemd" hostname=? addr=? terminal=? res=success'
Nov 13 23:10:12 localhost audit[1]: SERVICE_STOP pid=1 uid=0 auid=4294967295 ses=4294967295 subj=kernel msg='unit=initrd-udevadm-cleanup-db comm="systemd" exe="/usr/lib/systemd/systemd" hostname=? addr=? terminal=? res=success'
Nov 13 23:10:12 localhost systemd[1]: Started Cleanup udevd DB.
Nov 13 23:10:12 localhost audit[1]: SERVICE_START pid=1 uid=0 auid=4294967295 ses=4294967295 subj=kernel msg='unit=systemd-vconsole-setup comm="systemd" exe="/usr/lib/systemd/systemd" hostname=? addr=? terminal=? res=success'
Nov 13 23:10:12 localhost audit[1]: SERVICE_STOP pid=1 uid=0 auid=4294967295 ses=4294967295 subj=kernel msg='unit=systemd-vconsole-setup comm="systemd" exe="/usr/lib/systemd/systemd" hostname=? addr=? terminal=? res=success'
Nov 13 23:10:12 localhost systemd[1]: Started Setup Virtual Console.
Nov 13 23:10:12 localhost systemd[1]: Reached target Switch Root.
Nov 13 23:10:12 localhost systemd[1]: Starting Switch Root...
Nov 13 23:10:12 localhost systemd[1]: Switching root.
Nov 13 23:10:12 localhost systemd-journald[183]: Journal stopped
Nov 13 23:10:13 localhost systemd-journald[183]: Received SIGTERM from PID 1 (systemd).
Nov 13 23:10:13 localhost kernel: systemd: 18 output lines suppressed due to ratelimiting
Nov 13 23:10:13 localhost kernel: SELinux:  Permission getrlimit in class process not defined in policy.
Nov 13 23:10:13 localhost kernel: SELinux:  Class process2 not defined in policy.
Nov 13 23:10:13 localhost kernel: SELinux:  Permission map in class file not defined in policy.
Nov 13 23:10:13 localhost kernel: SELinux:  Permission map in class dir not defined in policy.
Nov 13 23:10:13 localhost kernel: SELinux:  Permission map in class lnk_file not defined in policy.
Nov 13 23:10:13 localhost kernel: SELinux:  Permission map in class chr_file not defined in policy.
Nov 13 23:10:13 localhost kernel: SELinux:  Permission map in class blk_file not defined in policy.
Nov 13 23:10:13 localhost kernel: SELinux:  Permission map in class sock_file not defined in policy.
Nov 13 23:10:13 localhost kernel: SELinux:  Permission map in class fifo_file not defined in policy.
Nov 13 23:10:13 localhost kernel: SELinux:  Permission map in class socket not defined in policy.
Nov 13 23:10:13 localhost kernel: SELinux:  Permission map in class tcp_socket not defined in policy.
Nov 13 23:10:13 localhost kernel: SELinux:  Permission map in class udp_socket not defined in policy.
Nov 13 23:10:13 localhost kernel: SELinux:  Permission map in class rawip_socket not defined in policy.
Nov 13 23:10:13 localhost kernel: SELinux:  Permission map in class netlink_socket not defined in policy.
Nov 13 23:10:13 localhost kernel: SELinux:  Permission map in class packet_socket not defined in policy.
Nov 13 23:10:13 localhost kernel: SELinux:  Permission map in class key_socket not defined in policy.
Nov 13 23:10:13 localhost kernel: SELinux:  Permission map in class unix_stream_socket not defined in policy.
Nov 13 23:10:13 localhost kernel: SELinux:  Permission map in class unix_dgram_socket not defined in policy.
Nov 13 23:10:13 localhost kernel: SELinux:  Permission map in class netlink_route_socket not defined in policy.
Nov 13 23:10:13 localhost kernel: SELinux:  Permission map in class netlink_tcpdiag_socket not defined in policy.
Nov 13 23:10:13 localhost kernel: SELinux:  Permission map in class netlink_nflog_socket not defined in policy.
Nov 13 23:10:13 localhost kernel: SELinux:  Permission map in class netlink_xfrm_socket not defined in policy.
Nov 13 23:10:13 localhost kernel: SELinux:  Permission map in class netlink_selinux_socket not defined in policy.
Nov 13 23:10:13 localhost kernel: SELinux:  Permission map in class netlink_iscsi_socket not defined in policy.
Nov 13 23:10:13 localhost kernel: SELinux:  Permission map in class netlink_audit_socket not defined in policy.
Nov 13 23:10:13 localhost kernel: SELinux:  Permission map in class netlink_fib_lookup_socket not defined in policy.
Nov 13 23:10:13 localhost kernel: SELinux:  Permission map in class netlink_connector_socket not defined in policy.
Nov 13 23:10:13 localhost kernel: SELinux:  Permission map in class netlink_netfilter_socket not defined in policy.
Nov 13 23:10:13 localhost kernel: SELinux:  Permission map in class netlink_dnrt_socket not defined in policy.
Nov 13 23:10:13 localhost kernel: SELinux:  Permission map in class netlink_kobject_uevent_socket not defined in policy.
Nov 13 23:10:13 localhost kernel: SELinux:  Permission map in class netlink_generic_socket not defined in policy.
Nov 13 23:10:13 localhost kernel: SELinux:  Permission map in class netlink_scsitransport_socket not defined in policy.
Nov 13 23:10:13 localhost kernel: SELinux:  Permission map in class netlink_rdma_socket not defined in policy.
Nov 13 23:10:13 localhost kernel: SELinux:  Permission map in class netlink_crypto_socket not defined in policy.
Nov 13 23:10:13 localhost kernel: SELinux:  Permission map in class appletalk_socket not defined in policy.
Nov 13 23:10:13 localhost kernel: SELinux:  Permission map in class dccp_socket not defined in policy.
Nov 13 23:10:13 localhost kernel: SELinux:  Permission map in class tun_socket not defined in policy.
Nov 13 23:10:13 localhost kernel: SELinux:  Class sctp_socket not defined in policy.
Nov 13 23:10:13 localhost kernel: SELinux:  Class icmp_socket not defined in policy.
Nov 13 23:10:13 localhost kernel: SELinux:  Class ax25_socket not defined in policy.
Nov 13 23:10:13 localhost kernel: SELinux:  Class ipx_socket not defined in policy.
Nov 13 23:10:13 localhost kernel: SELinux:  Class netrom_socket not defined in policy.
Nov 13 23:10:13 localhost kernel: SELinux:  Class atmpvc_socket not defined in policy.
Nov 13 23:10:13 localhost kernel: SELinux:  Class x25_socket not defined in policy.
Nov 13 23:10:13 localhost kernel: SELinux:  Class rose_socket not defined in policy.
Nov 13 23:10:13 localhost kernel: SELinux:  Class decnet_socket not defined in policy.
Nov 13 23:10:13 localhost kernel: SELinux:  Class atmsvc_socket not defined in policy.
Nov 13 23:10:13 localhost kernel: SELinux:  Class rds_socket not defined in policy.
Nov 13 23:10:13 localhost kernel: SELinux:  Class irda_socket not defined in policy.
Nov 13 23:10:13 localhost kernel: SELinux:  Class pppox_socket not defined in policy.
Nov 13 23:10:13 localhost kernel: SELinux:  Class llc_socket not defined in policy.
Nov 13 23:10:13 localhost kernel: SELinux:  Class can_socket not defined in policy.
Nov 13 23:10:13 localhost kernel: SELinux:  Class tipc_socket not defined in policy.
Nov 13 23:10:13 localhost kernel: SELinux:  Class bluetooth_socket not defined in policy.
Nov 13 23:10:13 localhost kernel: SELinux:  Class iucv_socket not defined in policy.
Nov 13 23:10:13 localhost kernel: SELinux:  Class rxrpc_socket not defined in policy.
Nov 13 23:10:13 localhost kernel: SELinux:  Class isdn_socket not defined in policy.
Nov 13 23:10:13 localhost kernel: SELinux:  Class phonet_socket not defined in policy.
Nov 13 23:10:13 localhost kernel: SELinux:  Class ieee802154_socket not defined in policy.
Nov 13 23:10:13 localhost kernel: SELinux:  Class caif_socket not defined in policy.
Nov 13 23:10:13 localhost kernel: SELinux:  Class alg_socket not defined in policy.
Nov 13 23:10:13 localhost kernel: SELinux:  Class nfc_socket not defined in policy.
Nov 13 23:10:13 localhost kernel: SELinux:  Class vsock_socket not defined in policy.
Nov 13 23:10:13 localhost kernel: SELinux:  Class kcm_socket not defined in policy.
Nov 13 23:10:13 localhost kernel: SELinux:  Class qipcrtr_socket not defined in policy.
Nov 13 23:10:13 localhost kernel: SELinux:  Class smc_socket not defined in policy.
Nov 13 23:10:13 localhost kernel: SELinux:  Class infiniband_pkey not defined in policy.
Nov 13 23:10:13 localhost kernel: SELinux:  Class infiniband_endport not defined in policy.
Nov 13 23:10:13 localhost kernel: SELinux: the above unknown classes and permissions will be allowed
Nov 13 23:10:13 localhost kernel: SELinux:  policy capability network_peer_controls=1
Nov 13 23:10:13 localhost kernel: SELinux:  policy capability open_perms=1
Nov 13 23:10:13 localhost kernel: SELinux:  policy capability extended_socket_class=0
Nov 13 23:10:13 localhost kernel: SELinux:  policy capability always_check_network=0
Nov 13 23:10:13 localhost kernel: SELinux:  policy capability cgroup_seclabel=0
Nov 13 23:10:13 localhost kernel: SELinux:  policy capability nnp_nosuid_transition=0
Nov 13 23:10:13 localhost systemd[1]: Successfully loaded SELinux policy in 104.601ms.
Nov 13 23:10:13 localhost systemd[1]: Relabelled /dev and /run in 17.583ms.
Nov 13 23:10:13 localhost systemd-journald[529]: Journal started
Nov 13 23:10:13 localhost systemd-journald[529]: Runtime journal (/run/log/journal/43984e5d6a53497386228a63071dbae2) is 8.0M, max 197.4M, 189.4M free.
Nov 13 23:10:13 localhost audit: MAC_STATUS enforcing=1 old_enforcing=0 auid=4294967295 ses=4294967295
Nov 13 23:10:13 localhost audit: MAC_POLICY_LOAD policy loaded auid=4294967295 ses=4294967295
Nov 13 23:10:13 localhost audit[1]: SERVICE_START pid=1 uid=0 auid=4294967295 ses=4294967295 subj=system_u:system_r:init_t:s0 msg='unit=systemd-journald comm="systemd" exe="/usr/lib/systemd/systemd" hostname=? addr=? terminal=? res=success'
Nov 13 23:10:13 localhost audit[1]: SERVICE_STOP pid=1 uid=0 auid=4294967295 ses=4294967295 subj=system_u:system_r:init_t:s0 msg='unit=systemd-journald comm="systemd" exe="/usr/lib/systemd/systemd" hostname=? addr=? terminal=? res=success'
Nov 13 23:10:13 localhost audit[1]: SERVICE_START pid=1 uid=0 auid=4294967295 ses=4294967295 subj=system_u:system_r:init_t:s0 msg='unit=initrd-switch-root comm="systemd" exe="/usr/lib/systemd/systemd" hostname=? addr=? terminal=? res=success'
Nov 13 23:10:13 localhost audit[1]: SERVICE_STOP pid=1 uid=0 auid=4294967295 ses=4294967295 subj=system_u:system_r:init_t:s0 msg='unit=initrd-switch-root comm="systemd" exe="/usr/lib/systemd/systemd" hostname=? addr=? terminal=? res=success'
Nov 13 23:10:13 localhost audit[1]: SERVICE_START pid=1 uid=0 auid=4294967295 ses=4294967295 subj=system_u:system_r:init_t:s0 msg='unit=systemd-journald comm="systemd" exe="/usr/lib/systemd/systemd" hostname=? addr=? terminal=? res=success'
Nov 13 23:10:13 localhost audit[1]: SERVICE_STOP pid=1 uid=0 auid=4294967295 ses=4294967295 subj=system_u:system_r:init_t:s0 msg='unit=systemd-journald comm="systemd" exe="/usr/lib/systemd/systemd" hostname=? addr=? terminal=? res=success'
Nov 13 23:10:13 localhost audit: CONFIG_CHANGE audit_enabled=1 old=1 auid=4294967295 ses=4294967295 subj=system_u:system_r:syslogd_t:s0 res=1
Nov 13 23:10:13 localhost systemd[1]: systemd 233 running in system mode. (+PAM +AUDIT +SELINUX +IMA -APPARMOR +SMACK +SYSVINIT +UTMP +LIBCRYPTSETUP +GCRYPT +GNUTLS +ACL +XZ +LZ4 +SECCOMP +BLKID +ELFUTILS +KMOD +IDN default-hierarchy=hybrid)
Nov 13 23:10:13 localhost systemd[1]: Detected virtualization oracle.
Nov 13 23:10:13 localhost systemd[1]: Detected architecture x86-64.
Nov 13 23:10:13 localhost systemd[1]: Set hostname to <localhost.localdomain>.
Nov 13 23:10:13 localhost audit[1]: SERVICE_START pid=1 uid=0 auid=4294967295 ses=4294967295 subj=system_u:system_r:init_t:s0 msg='unit=systemd-fsck-root comm="systemd" exe="/usr/lib/systemd/systemd" hostname=? addr=? terminal=? res=success'
Nov 13 23:10:13 localhost audit[1]: SERVICE_STOP pid=1 uid=0 auid=4294967295 ses=4294967295 subj=system_u:system_r:init_t:s0 msg='unit=systemd-fsck-root comm="systemd" exe="/usr/lib/systemd/systemd" hostname=? addr=? terminal=? res=success'
Nov 13 23:10:13 localhost systemd-sysctl[532]: Couldn't write '0' to 'net/bridge/bridge-nf-call-ip6tables', ignoring: No such file or directory
Nov 13 23:10:13 localhost systemd-sysctl[532]: Couldn't write '0' to 'net/bridge/bridge-nf-call-iptables', ignoring: No such file or directory
Nov 13 23:10:13 localhost systemd-sysctl[532]: Couldn't write '0' to 'net/bridge/bridge-nf-call-arptables', ignoring: No such file or directory
Nov 13 23:10:13 localhost audit[1]: SERVICE_START pid=1 uid=0 auid=4294967295 ses=4294967295 subj=system_u:system_r:init_t:s0 msg='unit=systemd-journald comm="systemd" exe="/usr/lib/systemd/systemd" hostname=? addr=? terminal=? res=success'
Nov 13 23:10:13 localhost systemd[1]: Started Create list of required static device nodes for the current kernel.
Nov 13 23:10:13 localhost audit[1]: SERVICE_START pid=1 uid=0 auid=4294967295 ses=4294967295 subj=system_u:system_r:init_t:s0 msg='unit=kmod-static-nodes comm="systemd" exe="/usr/lib/systemd/systemd" hostname=? addr=? terminal=? res=success'
Nov 13 23:10:13 localhost systemd[1]: Started Apply Kernel Variables.
Nov 13 23:10:13 localhost audit[1]: SERVICE_START pid=1 uid=0 auid=4294967295 ses=4294967295 subj=system_u:system_r:init_t:s0 msg='unit=systemd-sysctl comm="systemd" exe="/usr/lib/systemd/systemd" hostname=? addr=? terminal=? res=success'
Nov 13 23:10:13 localhost systemd[1]: Started Remount Root and Kernel File Systems.
Nov 13 23:10:13 localhost audit[1]: SERVICE_START pid=1 uid=0 auid=4294967295 ses=4294967295 subj=system_u:system_r:init_t:s0 msg='unit=systemd-remount-fs comm="systemd" exe="/usr/lib/systemd/systemd" hostname=? addr=? terminal=? res=success'
Nov 13 23:10:13 localhost systemd[1]: Starting udev Coldplug all Devices...
Nov 13 23:10:13 localhost systemd[1]: Starting Configure read-only root support...
Nov 13 23:10:13 localhost systemd[1]: Starting Create Static Device Nodes in /dev...
Nov 13 23:10:13 localhost systemd[1]: Starting Flush Journal to Persistent Storage...
Nov 13 23:10:13 localhost systemd[1]: Started LVM2 metadata daemon.
Nov 13 23:10:13 localhost audit[1]: SERVICE_START pid=1 uid=0 auid=4294967295 ses=4294967295 subj=system_u:system_r:init_t:s0 msg='unit=lvm2-lvmetad comm="systemd" exe="/usr/lib/systemd/systemd" hostname=? addr=? terminal=? res=success'
Nov 13 23:10:13 localhost systemd-journald[529]: Time spent on flushing to /var is 41.896ms for 664 entries.
Nov 13 23:10:13 localhost systemd-journald[529]: System journal (/var/log/journal/43984e5d6a53497386228a63071dbae2) is 8.0M, max 1.4G, 1.4G free.
Nov 13 23:10:13 localhost audit[1]: SERVICE_START pid=1 uid=0 auid=4294967295 ses=4294967295 subj=system_u:system_r:init_t:s0 msg='unit=fedora-readonly comm="systemd" exe="/usr/lib/systemd/systemd" hostname=? addr=? terminal=? res=success'
Nov 13 23:15:38 localhost kernel: random: get_random_bytes called from start_kernel+0x42/0x4e6 with crng_init=0
Nov 13 23:15:38 localhost kernel: Linux version 4.13.12-200.fc26.x86_64 (mockbuild@bkernel01.phx2.fedoraproject.org) (gcc version 7.2.1 20170915 (Red Hat 7.2.1-2) (GCC)) #1 SMP Wed Nov 8 16:47:26 UTC 2017
Nov 13 23:15:38 localhost kernel: Command line: BOOT_IMAGE=/vmlinuz-4.13.12-200.fc26.x86_64 root=/dev/mapper/fedora-root ro rd.lvm.lv=fedora/root rd.lvm.lv=fedora/swap rhgb quiet LANG=en_US.UTF-8
Nov 13 23:15:38 localhost kernel: x86/fpu: Supporting XSAVE feature 0x001: 'x87 floating point registers'
Nov 13 23:15:38 localhost kernel: x86/fpu: Supporting XSAVE feature 0x002: 'SSE registers'
Nov 13 23:15:38 localhost kernel: x86/fpu: Supporting XSAVE feature 0x004: 'AVX registers'
Nov 13 23:15:38 localhost kernel: x86/fpu: xstate_offset[2]:  576, xstate_sizes[2]:  256
Nov 13 23:15:38 localhost kernel: x86/fpu: Enabled xstate features 0x7, context size is 832 bytes, using 'standard' format.
Nov 13 23:15:38 localhost kernel: e820: BIOS-provided physical RAM map:
Nov 13 23:15:38 localhost kernel: BIOS-e820: [mem 0x0000000000000000-0x000000000009fbff] usable
Nov 13 23:15:38 localhost kernel: BIOS-e820: [mem 0x000000000009fc00-0x000000000009ffff] reserved
Nov 13 23:15:38 localhost kernel: BIOS-e820: [mem 0x00000000000f0000-0x00000000000fffff] reserved
Nov 13 23:15:38 localhost kernel: BIOS-e820: [mem 0x0000000000100000-0x00000000dffeffff] usable
Nov 13 23:15:38 localhost kernel: BIOS-e820: [mem 0x00000000dfff0000-0x00000000dfffffff] ACPI data
Nov 13 23:15:38 localhost kernel: BIOS-e820: [mem 0x00000000fec00000-0x00000000fec00fff] reserved
Nov 13 23:15:38 localhost kernel: BIOS-e820: [mem 0x00000000fee00000-0x00000000fee00fff] reserved
Nov 13 23:15:38 localhost kernel: BIOS-e820: [mem 0x00000000fffc0000-0x00000000ffffffff] reserved
Nov 13 23:15:38 localhost kernel: BIOS-e820: [mem 0x0000000100000000-0x000000011fffffff] usable
Nov 13 23:15:38 localhost kernel: NX (Execute Disable) protection: active
Nov 13 23:15:38 localhost kernel: random: fast init done
Nov 13 23:15:38 localhost kernel: SMBIOS 2.5 present.
Nov 13 23:15:38 localhost kernel: DMI: innotek GmbH VirtualBox/VirtualBox, BIOS VirtualBox 12/01/2006
Nov 13 23:15:38 localhost kernel: Hypervisor detected: KVM
Nov 13 23:15:38 localhost kernel: tsc: Fast TSC calibration using PIT
Nov 13 23:15:38 localhost kernel: e820: last_pfn = 0x120000 max_arch_pfn = 0x400000000
Nov 13 23:15:38 localhost kernel: MTRR: Disabled
Nov 13 23:15:38 localhost kernel: x86/PAT: MTRRs disabled, skipping PAT initialization too.
Nov 13 23:15:38 localhost kernel: CPU MTRRs all blank - virtualized system.
Nov 13 23:15:38 localhost kernel: x86/PAT: Configuration [0-7]: WB  WT  UC- UC  WB  WT  UC- UC  
Nov 13 23:15:38 localhost kernel: e820: last_pfn = 0xdfff0 max_arch_pfn = 0x400000000
Nov 13 23:15:38 localhost kernel: found SMP MP-table at [mem 0x0009fff0-0x0009ffff] mapped at [ffff97a00009fff0]
Nov 13 23:15:38 localhost kernel: RAMDISK: [mem 0x356b5000-0x36b52fff]
Nov 13 23:15:38 localhost kernel: ACPI: Early table checksum verification disabled
Nov 13 23:15:38 localhost kernel: ACPI: RSDP 0x00000000000E0000 000024 (v02 VBOX  )
Nov 13 23:15:38 localhost kernel: ACPI: XSDT 0x00000000DFFF0030 00003C (v01 VBOX   VBOXXSDT 00000001 ASL  00000061)
Nov 13 23:15:38 localhost kernel: ACPI: FACP 0x00000000DFFF00F0 0000F4 (v04 VBOX   VBOXFACP 00000001 ASL  00000061)
Nov 13 23:15:38 localhost kernel: ACPI: DSDT 0x00000000DFFF0470 0021FF (v02 VBOX   VBOXBIOS 00000002 INTL 20100528)
Nov 13 23:15:38 localhost kernel: ACPI: FACS 0x00000000DFFF0200 000040
Nov 13 23:15:38 localhost kernel: ACPI: FACS 0x00000000DFFF0200 000040
Nov 13 23:15:38 localhost kernel: ACPI: APIC 0x00000000DFFF0240 00005C (v02 VBOX   VBOXAPIC 00000001 ASL  00000061)
Nov 13 23:15:38 localhost kernel: ACPI: SSDT 0x00000000DFFF02A0 0001CC (v01 VBOX   VBOXCPUT 00000002 INTL 20100528)
Nov 13 23:15:38 localhost kernel: No NUMA configuration found
Nov 13 23:15:38 localhost kernel: Faking a node at [mem 0x0000000000000000-0x000000011fffffff]
Nov 13 23:15:38 localhost kernel: NODE_DATA(0) allocated [mem 0x11ffd1000-0x11fffbfff]
Nov 13 23:15:38 localhost kernel: kvm-clock: Using msrs 4b564d01 and 4b564d00
Nov 13 23:15:38 localhost kernel: kvm-clock: cpu 0, msr 1:1ff51001, primary cpu clock
Nov 13 23:15:38 localhost kernel: kvm-clock: using sched offset of 5737493880 cycles
Nov 13 23:15:38 localhost kernel: clocksource: kvm-clock: mask: 0xffffffffffffffff max_cycles: 0x1cd42e4dffb, max_idle_ns: 881590591483 ns
Nov 13 23:15:38 localhost kernel: Zone ranges:
Nov 13 23:15:38 localhost kernel:  DMA      [mem 0x0000000000001000-0x0000000000ffffff]
Nov 13 23:15:38 localhost kernel:  DMA32    [mem 0x0000000001000000-0x00000000ffffffff]
Nov 13 23:15:38 localhost kernel:  Normal   [mem 0x0000000100000000-0x000000011fffffff]
Nov 13 23:15:38 localhost kernel:  Device   empty
Nov 13 23:15:38 localhost kernel: Movable zone start for each node
Nov 13 23:15:38 localhost kernel: Early memory node ranges
Nov 13 23:15:38 localhost kernel:  node   0: [mem 0x0000000000001000-0x000000000009efff]
Nov 13 23:15:38 localhost kernel:  node   0: [mem 0x0000000000100000-0x00000000dffeffff]
Nov 13 23:15:38 localhost kernel:  node   0: [mem 0x0000000100000000-0x000000011fffffff]
Nov 13 23:15:38 localhost kernel: Initmem setup node 0 [mem 0x0000000000001000-0x000000011fffffff]
Nov 13 23:15:38 localhost kernel: ACPI: PM-Timer IO Port: 0x4008
Nov 13 23:15:38 localhost kernel: IOAPIC[0]: apic_id 2, version 32, address 0xfec00000, GSI 0-23
Nov 13 23:15:38 localhost kernel: ACPI: INT_SRC_OVR (bus 0 bus_irq 0 global_irq 2 dfl dfl)
Nov 13 23:15:38 localhost kernel: ACPI: INT_SRC_OVR (bus 0 bus_irq 9 global_irq 9 low level)
Nov 13 23:15:38 localhost kernel: Using ACPI (MADT) for SMP configuration information
Nov 13 23:15:38 localhost kernel: smpboot: Allowing 2 CPUs, 0 hotplug CPUs
Nov 13 23:15:38 localhost kernel: PM: Registered nosave memory: [mem 0x00000000-0x00000fff]
Nov 13 23:15:38 localhost kernel: PM: Registered nosave memory: [mem 0x0009f000-0x0009ffff]
Nov 13 23:15:38 localhost kernel: PM: Registered nosave memory: [mem 0x000a0000-0x000effff]
Nov 13 23:15:38 localhost kernel: PM: Registered nosave memory: [mem 0x000f0000-0x000fffff]
Nov 13 23:15:38 localhost kernel: PM: Registered nosave memory: [mem 0xdfff0000-0xdfffffff]
Nov 13 23:15:38 localhost kernel: PM: Registered nosave memory: [mem 0xe0000000-0xfebfffff]
Nov 13 23:15:38 localhost kernel: PM: Registered nosave memory: [mem 0xfec00000-0xfec00fff]
Nov 13 23:15:38 localhost kernel: PM: Registered nosave memory: [mem 0xfec01000-0xfedfffff]
Nov 13 23:15:38 localhost kernel: PM: Registered nosave memory: [mem 0xfee00000-0xfee00fff]
Nov 13 23:15:38 localhost kernel: PM: Registered nosave memory: [mem 0xfee01000-0xfffbffff]
Nov 13 23:15:38 localhost kernel: PM: Registered nosave memory: [mem 0xfffc0000-0xffffffff]
Nov 13 23:15:38 localhost kernel: e820: [mem 0xe0000000-0xfebfffff] available for PCI devices
Nov 13 23:15:38 localhost kernel: Booting paravirtualized kernel on KVM
Nov 13 23:15:38 localhost kernel: clocksource: refined-jiffies: mask: 0xffffffff max_cycles: 0xffffffff, max_idle_ns: 1910969940391419 ns
Nov 13 23:15:38 localhost kernel: setup_percpu: NR_CPUS:8192 nr_cpumask_bits:2 nr_cpu_ids:2 nr_node_ids:1
Nov 13 23:15:38 localhost kernel: percpu: Embedded 37 pages/cpu @ffff97a11fc00000 s112600 r8192 d30760 u1048576
Nov 13 23:15:38 localhost kernel: Built 1 zonelists in Node order, mobility grouping on.  Total pages: 1032057
Nov 13 23:15:38 localhost kernel: Policy zone: Normal
Nov 13 23:15:38 localhost kernel: Kernel command line: BOOT_IMAGE=/vmlinuz-4.13.12-200.fc26.x86_64 root=/dev/mapper/fedora-root ro rd.lvm.lv=fedora/root rd.lvm.lv=fedora/swap rhgb quiet LANG=en_US.UTF-8
Nov 13 23:15:38 localhost kernel: PID hash table entries: 4096 (order: 3, 32768 bytes)
Nov 13 23:15:38 localhost kernel: Memory: 4018984K/4193848K available (8833K kernel code, 2404K rwdata, 3760K rodata, 2224K init, 1976K bss, 174864K reserved, 0K cma-reserved)
Nov 13 23:15:38 localhost kernel: SLUB: HWalign=64, Order=0-3, MinObjects=0, CPUs=2, Nodes=1
Nov 13 23:15:38 localhost kernel: ftrace: allocating 34933 entries in 137 pages
Nov 13 23:15:38 localhost kernel: Hierarchical RCU implementation.
Nov 13 23:15:38 localhost kernel: #011RCU restricting CPUs from NR_CPUS=8192 to nr_cpu_ids=2.
Nov 13 23:15:38 localhost kernel: #011Tasks RCU enabled.
Nov 13 23:15:38 localhost kernel: RCU: Adjusting geometry for rcu_fanout_leaf=16, nr_cpu_ids=2
Nov 13 23:15:38 localhost kernel: NR_IRQS: 524544, nr_irqs: 440, preallocated irqs: 16
Nov 13 23:15:38 localhost kernel: #011Offload RCU callbacks from CPUs: .
Nov 13 23:15:38 localhost kernel: Console: colour VGA+ 80x25
Nov 13 23:15:38 localhost kernel: console [tty0] enabled
Nov 13 23:15:38 localhost kernel: tsc: Detected 2194.920 MHz processor
Nov 13 23:15:38 localhost kernel: Calibrating delay loop (skipped) preset value.. 4389.84 BogoMIPS (lpj=2194920)
Nov 13 23:15:38 localhost kernel: pid_max: default: 32768 minimum: 301
Nov 13 23:15:38 localhost kernel: ACPI: Core revision 20170531
Nov 13 23:15:38 localhost kernel: ACPI: 2 ACPI AML tables successfully acquired and loaded
Nov 13 23:15:38 localhost kernel: Security Framework initialized
Nov 13 23:15:38 localhost kernel: Yama: becoming mindful.
Nov 13 23:15:38 localhost kernel: SELinux:  Initializing.
Nov 13 23:15:38 localhost kernel: Dentry cache hash table entries: 524288 (order: 10, 4194304 bytes)
Nov 13 23:15:38 localhost kernel: Inode-cache hash table entries: 262144 (order: 9, 2097152 bytes)
Nov 13 23:15:38 localhost kernel: Mount-cache hash table entries: 8192 (order: 4, 65536 bytes)
Nov 13 23:15:38 localhost kernel: Mountpoint-cache hash table entries: 8192 (order: 4, 65536 bytes)
Nov 13 23:15:38 localhost kernel: CPU: Physical Processor ID: 0
Nov 13 23:15:38 localhost kernel: CPU: Processor Core ID: 0
Nov 13 23:15:38 localhost kernel: mce: CPU supports 0 MCE banks
Nov 13 23:15:38 localhost kernel: Last level iTLB entries: 4KB 64, 2MB 8, 4MB 8
Nov 13 23:15:38 localhost kernel: Last level dTLB entries: 4KB 64, 2MB 0, 4MB 0, 1GB 4
Nov 13 23:15:38 localhost kernel: Freeing SMP alternatives memory: 32K
Nov 13 23:15:38 localhost kernel: smpboot: Max logical packages: 1
Nov 13 23:15:38 localhost kernel: ..TIMER: vector=0x30 apic1=0 pin1=2 apic2=-1 pin2=-1
Nov 13 23:15:38 localhost kernel: smpboot: CPU0: Intel(R) Core(TM) i5-5200U CPU @ 2.20GHz (family: 0x6, model: 0x3d, stepping: 0x4)
Nov 13 23:15:38 localhost kernel: Performance Events: unsupported p6 CPU model 61 no PMU driver, software events only.
Nov 13 23:15:38 localhost kernel: Hierarchical SRCU implementation.
Nov 13 23:15:38 localhost kernel: smp: Bringing up secondary CPUs ...
Nov 13 23:15:38 localhost kernel: x86: Booting SMP configuration:
Nov 13 23:15:38 localhost kernel: .... node  #0, CPUs:      #1
Nov 13 23:15:38 localhost kernel: kvm-clock: cpu 1, msr 1:1ff51041, secondary cpu clock
Nov 13 23:15:38 localhost kernel: mce: CPU supports 0 MCE banks
Nov 13 23:15:38 localhost kernel: smp: Brought up 1 node, 2 CPUs
Nov 13 23:15:38 localhost kernel: smpboot: Total of 2 processors activated (8779.68 BogoMIPS)
Nov 13 23:15:38 localhost kernel: devtmpfs: initialized
Nov 13 23:15:38 localhost kernel: x86/mm: Memory block size: 128MB
Nov 13 23:15:38 localhost kernel: clocksource: jiffies: mask: 0xffffffff max_cycles: 0xffffffff, max_idle_ns: 1911260446275000 ns
Nov 13 23:15:38 localhost kernel: futex hash table entries: 512 (order: 3, 32768 bytes)
Nov 13 23:15:38 localhost kernel: pinctrl core: initialized pinctrl subsystem
Nov 13 23:15:38 localhost kernel: RTC time:  4:15:36, date: 11/14/17
Nov 13 23:15:38 localhost kernel: NET: Registered protocol family 16
Nov 13 23:15:38 localhost kernel: cpuidle: using governor menu
Nov 13 23:15:38 localhost kernel: PCCT header not found.
Nov 13 23:15:38 localhost kernel: ACPI: bus type PCI registered
Nov 13 23:15:38 localhost kernel: acpiphp: ACPI Hot Plug PCI Controller Driver version: 0.5
Nov 13 23:15:38 localhost kernel: PCI: Using configuration type 1 for base access
Nov 13 23:15:38 localhost kernel: HugeTLB registered 2.00 MiB page size, pre-allocated 0 pages
Nov 13 23:15:38 localhost kernel: ACPI: Added _OSI(Module Device)
Nov 13 23:15:38 localhost kernel: ACPI: Added _OSI(Processor Device)
Nov 13 23:15:38 localhost kernel: ACPI: Added _OSI(3.0 _SCP Extensions)
Nov 13 23:15:38 localhost kernel: ACPI: Added _OSI(Processor Aggregator Device)
Nov 13 23:15:38 localhost kernel: ACPI: Executed 1 blocks of module-level executable AML code
Nov 13 23:15:38 localhost kernel: ACPI: Interpreter enabled
Nov 13 23:15:38 localhost kernel: ACPI: (supports S0 S5)
Nov 13 23:15:38 localhost kernel: ACPI: Using IOAPIC for interrupt routing
Nov 13 23:15:38 localhost kernel: PCI: Using host bridge windows from ACPI; if necessary, use "pci=nocrs" and report a bug
Nov 13 23:15:38 localhost kernel: ACPI: PCI Root Bridge [PCI0] (domain 0000 [bus 00-ff])
Nov 13 23:15:38 localhost kernel: acpi PNP0A03:00: _OSC: OS supports [ASPM ClockPM Segments MSI]
Nov 13 23:15:38 localhost kernel: acpi PNP0A03:00: _OSC: not requesting OS control; OS requires [ExtendedConfig ASPM ClockPM MSI]
Nov 13 23:15:38 localhost kernel: acpi PNP0A03:00: fail to add MMCONFIG information, can't access extended PCI configuration space under this bridge.
Nov 13 23:15:38 localhost kernel: PCI host bridge to bus 0000:00
Nov 13 23:15:38 localhost kernel: pci_bus 0000:00: root bus resource [io  0x0000-0x0cf7 window]
Nov 13 23:15:38 localhost kernel: pci_bus 0000:00: root bus resource [io  0x0d00-0xffff window]
Nov 13 23:15:38 localhost kernel: pci_bus 0000:00: root bus resource [mem 0x000a0000-0x000bffff window]
Nov 13 23:15:38 localhost kernel: pci_bus 0000:00: root bus resource [mem 0xe0000000-0xfdffffff window]
Nov 13 23:15:38 localhost kernel: pci_bus 0000:00: root bus resource [bus 00-ff]
Nov 13 23:15:38 localhost kernel: pci 0000:00:07.0: quirk: [io  0x4000-0x403f] claimed by PIIX4 ACPI
Nov 13 23:15:38 localhost kernel: pci 0000:00:07.0: quirk: [io  0x4100-0x410f] claimed by PIIX4 SMB
Nov 13 23:15:38 localhost kernel: ACPI: PCI Interrupt Link [LNKA] (IRQs 5 9 10 *11)
Nov 13 23:15:38 localhost kernel: ACPI: PCI Interrupt Link [LNKB] (IRQs 5 9 *10 11)
Nov 13 23:15:38 localhost kernel: ACPI: PCI Interrupt Link [LNKC] (IRQs 5 *9 10 11)
Nov 13 23:15:38 localhost kernel: ACPI: PCI Interrupt Link [LNKD] (IRQs 5 9 10 *11)
Nov 13 23:15:38 localhost kernel: ACPI: Enabled 2 GPEs in block 00 to 07
Nov 13 23:15:38 localhost kernel: pci 0000:00:02.0: vgaarb: setting as boot VGA device
Nov 13 23:15:38 localhost kernel: pci 0000:00:02.0: vgaarb: VGA device added: decodes=io+mem,owns=io+mem,locks=none
Nov 13 23:15:38 localhost kernel: pci 0000:00:02.0: vgaarb: bridge control possible
Nov 13 23:15:38 localhost kernel: vgaarb: loaded
Nov 13 23:15:38 localhost kernel: SCSI subsystem initialized
Nov 13 23:15:38 localhost kernel: ACPI: bus type USB registered
Nov 13 23:15:38 localhost kernel: usbcore: registered new interface driver usbfs
Nov 13 23:15:38 localhost kernel: usbcore: registered new interface driver hub
Nov 13 23:15:38 localhost kernel: usbcore: registered new device driver usb
Nov 13 23:15:38 localhost kernel: EDAC MC: Ver: 3.0.0
Nov 13 23:15:38 localhost kernel: PCI: Using ACPI for IRQ routing
Nov 13 23:15:38 localhost kernel: NetLabel: Initializing
Nov 13 23:15:38 localhost kernel: NetLabel:  domain hash size = 128
Nov 13 23:15:38 localhost kernel: NetLabel:  protocols = UNLABELED CIPSOv4 CALIPSO
Nov 13 23:15:38 localhost kernel: NetLabel:  unlabeled traffic allowed by default
Nov 13 23:15:38 localhost kernel: clocksource: Switched to clocksource kvm-clock
Nov 13 23:15:38 localhost kernel: VFS: Disk quotas dquot_6.6.0
Nov 13 23:15:38 localhost kernel: VFS: Dquot-cache hash table entries: 512 (order 0, 4096 bytes)
Nov 13 23:15:38 localhost kernel: pnp: PnP ACPI init
Nov 13 23:15:38 localhost kernel: pnp: PnP ACPI: found 2 devices
Nov 13 23:15:38 localhost kernel: clocksource: acpi_pm: mask: 0xffffff max_cycles: 0xffffff, max_idle_ns: 2085701024 ns
Nov 13 23:15:38 localhost kernel: NET: Registered protocol family 2
Nov 13 23:15:38 localhost kernel: TCP established hash table entries: 32768 (order: 6, 262144 bytes)
Nov 13 23:15:38 localhost kernel: TCP bind hash table entries: 32768 (order: 7, 524288 bytes)
Nov 13 23:15:38 localhost kernel: TCP: Hash tables configured (established 32768 bind 32768)
Nov 13 23:15:38 localhost kernel: UDP hash table entries: 2048 (order: 4, 65536 bytes)
Nov 13 23:15:38 localhost kernel: UDP-Lite hash table entries: 2048 (order: 4, 65536 bytes)
Nov 13 23:15:38 localhost kernel: NET: Registered protocol family 1
Nov 13 23:15:38 localhost kernel: pci 0000:00:00.0: Limiting direct PCI/PCI transfers
Nov 13 23:15:38 localhost kernel: pci 0000:00:01.0: Activating ISA DMA hang workarounds
Nov 13 23:15:38 localhost kernel: pci 0000:00:02.0: Video device with shadowed ROM at [mem 0x000c0000-0x000dffff]
Nov 13 23:15:38 localhost kernel: Unpacking initramfs...
Nov 13 23:15:38 localhost kernel: Freeing initrd memory: 21112K
Nov 13 23:15:38 localhost kernel: PCI-DMA: Using software bounce buffering for IO (SWIOTLB)
Nov 13 23:15:38 localhost kernel: software IO TLB [mem 0xdbff0000-0xdfff0000] (64MB) mapped at [ffff97a0dbff0000-ffff97a0dffeffff]
Nov 13 23:15:38 localhost kernel: platform rtc_cmos: registered platform RTC device (no PNP device found)
Nov 13 23:15:38 localhost kernel: audit: initializing netlink subsys (disabled)
Nov 13 23:15:38 localhost kernel: audit: type=2000 audit(1510650945.016:1): state=initialized audit_enabled=0 res=1
Nov 13 23:15:38 localhost kernel: Initialise system trusted keyrings
Nov 13 23:15:38 localhost kernel: Key type blacklist registered
Nov 13 23:15:38 localhost kernel: workingset: timestamp_bits=36 max_order=20 bucket_order=0
Nov 13 23:15:38 localhost kernel: zbud: loaded
Nov 13 23:15:38 localhost kernel: NET: Registered protocol family 38
Nov 13 23:15:38 localhost kernel: Key type asymmetric registered
Nov 13 23:15:38 localhost kernel: Asymmetric key parser 'x509' registered
Nov 13 23:15:38 localhost kernel: Block layer SCSI generic (bsg) driver version 0.4 loaded (major 248)
Nov 13 23:15:38 localhost kernel: io scheduler noop registered
Nov 13 23:15:38 localhost kernel: io scheduler deadline registered
Nov 13 23:15:38 localhost kernel: io scheduler cfq registered (default)
Nov 13 23:15:38 localhost kernel: io scheduler mq-deadline registered
Nov 13 23:15:38 localhost kernel: atomic64_test: passed for x86-64 platform with CX8 and with SSE
Nov 13 23:15:38 localhost kernel: ACPI: AC Adapter [AC] (off-line)
Nov 13 23:15:38 localhost kernel: input: Power Button as /devices/LNXSYSTM:00/LNXPWRBN:00/input/input0
Nov 13 23:15:38 localhost kernel: ACPI: Power Button [PWRF]
Nov 13 23:15:38 localhost kernel: input: Sleep Button as /devices/LNXSYSTM:00/LNXSLPBN:00/input/input1
Nov 13 23:15:38 localhost kernel: ACPI: Sleep Button [SLPF]
Nov 13 23:15:38 localhost kernel: GHES: HEST is not enabled!
Nov 13 23:15:38 localhost kernel: ACPI: Battery Slot [BAT0] (battery present)
Nov 13 23:15:38 localhost kernel: Serial: 8250/16550 driver, 32 ports, IRQ sharing enabled
Nov 13 23:15:38 localhost kernel: Non-volatile memory driver v1.3
Nov 13 23:15:38 localhost kernel: Linux agpgart interface v0.103
Nov 13 23:15:38 localhost kernel: ahci 0000:00:0d.0: SSS flag set, parallel bus scan disabled
Nov 13 23:15:38 localhost kernel: ahci 0000:00:0d.0: AHCI 0001.0100 32 slots 2 ports 3 Gbps 0x3 impl SATA mode
Nov 13 23:15:38 localhost kernel: ahci 0000:00:0d.0: flags: 64bit ncq stag only ccc 
Nov 13 23:15:38 localhost kernel: scsi host0: ahci
Nov 13 23:15:38 localhost kernel: scsi host1: ahci
Nov 13 23:15:38 localhost kernel: ata1: SATA max UDMA/133 abar m8192@0xf0806000 port 0xf0806100 irq 21
Nov 13 23:15:38 localhost kernel: ata2: SATA max UDMA/133 abar m8192@0xf0806000 port 0xf0806180 irq 21
Nov 13 23:15:38 localhost kernel: libphy: Fixed MDIO Bus: probed
Nov 13 23:15:38 localhost kernel: ehci_hcd: USB 2.0 'Enhanced' Host Controller (EHCI) Driver
Nov 13 23:15:38 localhost kernel: ehci-pci: EHCI PCI platform driver
Nov 13 23:15:38 localhost kernel: ohci_hcd: USB 1.1 'Open' Host Controller (OHCI) Driver
Nov 13 23:15:38 localhost kernel: ohci-pci: OHCI PCI platform driver
Nov 13 23:15:38 localhost kernel: ohci-pci 0000:00:06.0: OHCI PCI host controller
Nov 13 23:15:38 localhost kernel: ohci-pci 0000:00:06.0: new USB bus registered, assigned bus number 1
Nov 13 23:15:38 localhost kernel: ohci-pci 0000:00:06.0: irq 22, io mem 0xf0804000
Nov 13 23:15:38 localhost kernel: usb usb1: New USB device found, idVendor=1d6b, idProduct=0001
Nov 13 23:15:38 localhost kernel: usb usb1: New USB device strings: Mfr=3, Product=2, SerialNumber=1
Nov 13 23:15:38 localhost kernel: usb usb1: Product: OHCI PCI host controller
Nov 13 23:15:38 localhost kernel: usb usb1: Manufacturer: Linux 4.13.12-200.fc26.x86_64 ohci_hcd
Nov 13 23:15:38 localhost kernel: usb usb1: SerialNumber: 0000:00:06.0
Nov 13 23:15:38 localhost kernel: hub 1-0:1.0: USB hub found
Nov 13 23:15:38 localhost kernel: hub 1-0:1.0: 12 ports detected
Nov 13 23:15:38 localhost kernel: uhci_hcd: USB Universal Host Controller Interface driver
Nov 13 23:15:38 localhost kernel: usbcore: registered new interface driver usbserial
Nov 13 23:15:38 localhost kernel: usbcore: registered new interface driver usbserial_generic
Nov 13 23:15:38 localhost kernel: usbserial: USB Serial support registered for generic
Nov 13 23:15:38 localhost kernel: i8042: PNP: PS/2 Controller [PNP0303:PS2K,PNP0f03:PS2M] at 0x60,0x64 irq 1,12
Nov 13 23:15:38 localhost kernel: serio: i8042 KBD port at 0x60,0x64 irq 1
Nov 13 23:15:38 localhost kernel: serio: i8042 AUX port at 0x60,0x64 irq 12
Nov 13 23:15:38 localhost kernel: mousedev: PS/2 mouse device common for all mice
Nov 13 23:15:38 localhost kernel: rtc_cmos rtc_cmos: rtc core: registered rtc_cmos as rtc0
Nov 13 23:15:38 localhost kernel: rtc_cmos rtc_cmos: alarms up to one day, 114 bytes nvram
Nov 13 23:15:38 localhost kernel: input: AT Translated Set 2 keyboard as /devices/platform/i8042/serio0/input/input2
Nov 13 23:15:38 localhost kernel: device-mapper: uevent: version 1.0.3
Nov 13 23:15:38 localhost kernel: device-mapper: ioctl: 4.37.0-ioctl (2017-09-20) initialised: dm-devel@redhat.com
Nov 13 23:15:38 localhost kernel: hidraw: raw HID events driver (C) Jiri Kosina
Nov 13 23:15:38 localhost kernel: usbcore: registered new interface driver usbhid
Nov 13 23:15:38 localhost kernel: usbhid: USB HID core driver
Nov 13 23:15:38 localhost kernel: drop_monitor: Initializing network drop monitor service
Nov 13 23:15:38 localhost kernel: ip_tables: (C) 2000-2006 Netfilter Core Team
Nov 13 23:15:38 localhost kernel: Initializing XFRM netlink socket
Nov 13 23:15:38 localhost kernel: NET: Registered protocol family 10
Nov 13 23:15:38 localhost kernel: Segment Routing with IPv6
Nov 13 23:15:38 localhost kernel: mip6: Mobile IPv6
Nov 13 23:15:38 localhost kernel: NET: Registered protocol family 17
Nov 13 23:15:38 localhost kernel: RAS: Correctable Errors collector initialized.
Nov 13 23:15:38 localhost kernel: AVX2 version of gcm_enc/dec engaged.
Nov 13 23:15:38 localhost kernel: AES CTR mode by8 optimization enabled
Nov 13 23:15:38 localhost kernel: sched_clock: Marking stable (715416677, 0)->(983259528, -267842851)
Nov 13 23:15:38 localhost kernel: registered taskstats version 1
Nov 13 23:15:38 localhost kernel: Loading compiled-in X.509 certificates
Nov 13 23:15:38 localhost kernel: Loaded X.509 cert 'Fedora kernel signing key: 70bf39ea1bac6b5f75e60620688c3ad1bacc0a56'
Nov 13 23:15:38 localhost kernel: zswap: loaded using pool lzo/zbud
Nov 13 23:15:38 localhost kernel: Key type big_key registered
Nov 13 23:15:38 localhost kernel: Key type encrypted registered
Nov 13 23:15:38 localhost kernel:  Magic number: 9:224:262
Nov 13 23:15:38 localhost kernel: rtc_cmos rtc_cmos: setting system clock to 2017-11-14 04:15:37 UTC (1510632937)
Nov 13 23:15:38 localhost kernel: input: ImExPS/2 Generic Explorer Mouse as /devices/platform/i8042/serio1/input/input4
Nov 13 23:15:38 localhost kernel: ata1: SATA link up 3.0 Gbps (SStatus 123 SControl 300)
Nov 13 23:15:38 localhost kernel: ata1.00: ATA-8: VBOX HARDDISK, 1.0, max UDMA/133
Nov 13 23:15:38 localhost kernel: ata1.00: 104857600 sectors, multi 128: LBA48 NCQ (depth 31/32)
Nov 13 23:15:38 localhost kernel: ata1.00: ATA Identify Device Log not supported
Nov 13 23:15:38 localhost kernel: ata1.00: Security Log not supported
Nov 13 23:15:38 localhost kernel: ata1.00: ATA Identify Device Log not supported
Nov 13 23:15:38 localhost kernel: ata1.00: Security Log not supported
Nov 13 23:15:38 localhost kernel: ata1.00: configured for UDMA/133
Nov 13 23:15:38 localhost kernel: scsi 0:0:0:0: Direct-Access     ATA      VBOX HARDDISK    1.0  PQ: 0 ANSI: 5
Nov 13 23:15:38 localhost kernel: sd 0:0:0:0: [sda] 104857600 512-byte logical blocks: (53.7 GB/50.0 GiB)
Nov 13 23:15:38 localhost kernel: sd 0:0:0:0: [sda] Write Protect is off
Nov 13 23:15:38 localhost kernel: sd 0:0:0:0: Attached scsi generic sg0 type 0
Nov 13 23:15:38 localhost kernel: sd 0:0:0:0: [sda] Write cache: enabled, read cache: enabled, doesn't support DPO or FUA
Nov 13 23:15:38 localhost kernel: sda: sda1 sda2
Nov 13 23:15:38 localhost kernel: sd 0:0:0:0: [sda] Attached SCSI disk
Nov 13 23:15:38 localhost kernel: usb 1-1: new full-speed USB device number 2 using ohci-pci
Nov 13 23:15:38 localhost kernel: ata2: SATA link up 3.0 Gbps (SStatus 123 SControl 300)
Nov 13 23:15:38 localhost kernel: tsc: Refined TSC clocksource calibration: 2194.731 MHz
Nov 13 23:15:38 localhost kernel: clocksource: tsc: mask: 0xffffffffffffffff max_cycles: 0x1fa2c1941d6, max_idle_ns: 440795278006 ns
Nov 13 23:15:38 localhost kernel: ata2.00: ATAPI: VBOX CD-ROM, 1.0, max UDMA/133
Nov 13 23:15:38 localhost kernel: ata2.00: applying bridge limits
Nov 13 23:15:38 localhost kernel: ata2.00: configured for UDMA/100
Nov 13 23:15:38 localhost kernel: scsi 1:0:0:0: CD-ROM            VBOX     CD-ROM           1.0  PQ: 0 ANSI: 5
Nov 13 23:15:38 localhost kernel: sr 1:0:0:0: [sr0] scsi-1 drive
Nov 13 23:15:38 localhost kernel: cdrom: Uniform CD-ROM driver Revision: 3.20
Nov 13 23:15:38 localhost kernel: sr 1:0:0:0: Attached scsi generic sg1 type 5
Nov 13 23:15:38 localhost kernel: Freeing unused kernel memory: 2224K
Nov 13 23:15:38 localhost kernel: Write protecting the kernel read-only data: 14336k
Nov 13 23:15:38 localhost kernel: Freeing unused kernel memory: 1396K
Nov 13 23:15:38 localhost kernel: Freeing unused kernel memory: 336K
Nov 13 23:15:38 localhost kernel: x86/mm: Checked W+X mappings: passed, no W+X pages found.
Nov 13 23:15:38 localhost kernel: rodata_test: all tests were successful
Nov 13 23:15:38 localhost systemd[1]: systemd 233 running in system mode. (+PAM +AUDIT +SELINUX +IMA -APPARMOR +SMACK +SYSVINIT +UTMP +LIBCRYPTSETUP +GCRYPT +GNUTLS +ACL +XZ +LZ4 +SECCOMP +BLKID +ELFUTILS +KMOD +IDN default-hierarchy=hybrid)
Nov 13 23:15:38 localhost systemd[1]: Detected virtualization oracle.
Nov 13 23:15:38 localhost systemd[1]: Detected architecture x86-64.
Nov 13 23:15:38 localhost systemd[1]: Running in initial RAM disk.
Nov 13 23:15:38 localhost systemd[1]: Set hostname to <localhost.localdomain>.
Nov 13 23:15:38 localhost systemd[1]: Listening on udev Control Socket.
Nov 13 23:15:38 localhost systemd[1]: Listening on Journal Socket.
Nov 13 23:15:38 localhost systemd[1]: Created slice System Slice.
Nov 13 23:15:38 localhost systemd[1]: Reached target Slices.
Nov 13 23:15:38 localhost systemd[1]: Listening on udev Kernel Socket.
Nov 13 23:15:38 localhost kernel: audit: type=1130 audit(1510632938.510:2): pid=1 uid=0 auid=4294967295 ses=4294967295 subj=kernel msg='unit=systemd-tmpfiles-setup-dev comm="systemd" exe="/usr/lib/systemd/systemd" hostname=? addr=? terminal=? res=success'
Nov 13 23:15:38 localhost systemd-journald[187]: Journal started
Nov 13 23:15:38 localhost systemd-journald[187]: Runtime journal (/run/log/journal/43984e5d6a53497386228a63071dbae2) is 8.0M, max 197.4M, 189.4M free.
Nov 13 23:15:38 localhost audit[1]: SERVICE_START pid=1 uid=0 auid=4294967295 ses=4294967295 subj=kernel msg='unit=systemd-tmpfiles-setup-dev comm="systemd" exe="/usr/lib/systemd/systemd" hostname=? addr=? terminal=? res=success'
Nov 13 23:15:38 localhost audit[1]: SERVICE_START pid=1 uid=0 auid=4294967295 ses=4294967295 subj=kernel msg='unit=systemd-journald comm="systemd" exe="/usr/lib/systemd/systemd" hostname=? addr=? terminal=? res=success'
Nov 13 23:15:38 localhost systemd-sysctl[186]: Couldn't write '0' to 'net/bridge/bridge-nf-call-ip6tables', ignoring: No such file or directory
Nov 13 23:15:38 localhost systemd-sysctl[186]: Couldn't write '0' to 'net/bridge/bridge-nf-call-iptables', ignoring: No such file or directory
Nov 13 23:15:38 localhost systemd-sysctl[186]: Couldn't write '0' to 'net/bridge/bridge-nf-call-arptables', ignoring: No such file or directory
Nov 13 23:15:38 localhost dracut-cmdline[182]: dracut-26 (Server Edition) dracut-046-2.git20170811.fc26
Nov 13 23:15:38 localhost dracut-cmdline[182]: Using kernel command line parameters: BOOT_IMAGE=/vmlinuz-4.13.12-200.fc26.x86_64 root=/dev/mapper/fedora-root ro rd.lvm.lv=fedora/root rd.lvm.lv=fedora/swap rhgb quiet LANG=en_US.UTF-8
Nov 13 23:15:38 localhost kernel: audit: type=1130 audit(1510632938.525:3): pid=1 uid=0 auid=4294967295 ses=4294967295 subj=kernel msg='unit=systemd-journald comm="systemd" exe="/usr/lib/systemd/systemd" hostname=? addr=? terminal=? res=success'
Nov 13 23:15:38 localhost kernel: usb 1-1: New USB device found, idVendor=80ee, idProduct=0021
Nov 13 23:15:38 localhost kernel: usb 1-1: New USB device strings: Mfr=1, Product=3, SerialNumber=0
Nov 13 23:15:38 localhost kernel: usb 1-1: Product: USB Tablet
Nov 13 23:15:38 localhost kernel: usb 1-1: Manufacturer: VirtualBox
Nov 13 23:15:38 localhost kernel: input: VirtualBox USB Tablet as /devices/pci0000:00/0000:00:06.0/usb1/1-1/1-1:1.0/0003:80EE:0021.0001/input/input5
Nov 13 23:15:38 localhost kernel: hid-generic 0003:80EE:0021.0001: input,hidraw0: USB HID v1.10 Mouse [VirtualBox USB Tablet] on usb-0000:00:06.0-1/input0
Nov 13 23:15:38 localhost systemd[1]: Started dracut cmdline hook.
Nov 13 23:15:38 localhost audit[1]: SERVICE_START pid=1 uid=0 auid=4294967295 ses=4294967295 subj=kernel msg='unit=dracut-cmdline comm="systemd" exe="/usr/lib/systemd/systemd" hostname=? addr=? terminal=? res=success'
Nov 13 23:15:38 localhost kernel: audit: type=1130 audit(1510632938.621:4): pid=1 uid=0 auid=4294967295 ses=4294967295 subj=kernel msg='unit=dracut-cmdline comm="systemd" exe="/usr/lib/systemd/systemd" hostname=? addr=? terminal=? res=success'
Nov 13 23:15:38 localhost systemd[1]: Starting dracut pre-udev hook...
Nov 13 23:15:38 localhost systemd[1]: Started dracut pre-udev hook.
Nov 13 23:15:38 localhost audit[1]: SERVICE_START pid=1 uid=0 auid=4294967295 ses=4294967295 subj=kernel msg='unit=dracut-pre-udev comm="systemd" exe="/usr/lib/systemd/systemd" hostname=? addr=? terminal=? res=success'
Nov 13 23:15:38 localhost kernel: audit: type=1130 audit(1510632938.646:5): pid=1 uid=0 auid=4294967295 ses=4294967295 subj=kernel msg='unit=dracut-pre-udev comm="systemd" exe="/usr/lib/systemd/systemd" hostname=? addr=? terminal=? res=success'
Nov 13 23:15:38 localhost systemd[1]: Starting udev Kernel Device Manager...
Nov 13 23:15:38 localhost systemd[1]: Started udev Kernel Device Manager.
Nov 13 23:15:38 localhost audit[1]: SERVICE_START pid=1 uid=0 auid=4294967295 ses=4294967295 subj=kernel msg='unit=systemd-udevd comm="systemd" exe="/usr/lib/systemd/systemd" hostname=? addr=? terminal=? res=success'
Nov 13 23:15:38 localhost systemd[1]: Starting udev Coldplug all Devices...
Nov 13 23:15:38 localhost kernel: audit: type=1130 audit(1510632938.651:6): pid=1 uid=0 auid=4294967295 ses=4294967295 subj=kernel msg='unit=systemd-udevd comm="systemd" exe="/usr/lib/systemd/systemd" hostname=? addr=? terminal=? res=success'
Nov 13 23:15:38 localhost systemd[1]: Started udev Coldplug all Devices.
Nov 13 23:15:38 localhost audit[1]: SERVICE_START pid=1 uid=0 auid=4294967295 ses=4294967295 subj=kernel msg='unit=systemd-udev-trigger comm="systemd" exe="/usr/lib/systemd/systemd" hostname=? addr=? terminal=? res=success'
Nov 13 23:15:38 localhost systemd[1]: Starting dracut initqueue hook...
Nov 13 23:15:38 localhost systemd[1]: Reached target System Initialization.
Nov 13 23:15:38 localhost systemd[1]: Mounting Configuration File System...
Nov 13 23:15:38 localhost systemd[1]: Mounted Configuration File System.
Nov 13 23:15:38 localhost kernel: audit: type=1130 audit(1510632938.699:7): pid=1 uid=0 auid=4294967295 ses=4294967295 subj=kernel msg='unit=systemd-udev-trigger comm="systemd" exe="/usr/lib/systemd/systemd" hostname=? addr=? terminal=? res=success'
Nov 13 23:15:38 localhost audit[1]: SERVICE_START pid=1 uid=0 auid=4294967295 ses=4294967295 subj=kernel msg='unit=systemd-vconsole-setup comm="systemd" exe="/usr/lib/systemd/systemd" hostname=? addr=? terminal=? res=success'
Nov 13 23:15:38 localhost audit[1]: SERVICE_STOP pid=1 uid=0 auid=4294967295 ses=4294967295 subj=kernel msg='unit=systemd-vconsole-setup comm="systemd" exe="/usr/lib/systemd/systemd" hostname=? addr=? terminal=? res=success'
Nov 13 23:15:38 localhost systemd[1]: Started Setup Virtual Console.
Nov 13 23:15:38 localhost systemd[1]: Starting Show Plymouth Boot Screen...
Nov 13 23:15:38 localhost kernel: audit: type=1130 audit(1510632938.727:8): pid=1 uid=0 auid=4294967295 ses=4294967295 subj=kernel msg='unit=systemd-vconsole-setup comm="systemd" exe="/usr/lib/systemd/systemd" hostname=? addr=? terminal=? res=success'
Nov 13 23:15:38 localhost kernel: audit: type=1131 audit(1510632938.727:9): pid=1 uid=0 auid=4294967295 ses=4294967295 subj=kernel msg='unit=systemd-vconsole-setup comm="systemd" exe="/usr/lib/systemd/systemd" hostname=? addr=? terminal=? res=success'
Nov 13 23:15:38 localhost systemd[1]: Started Show Plymouth Boot Screen.
Nov 13 23:15:38 localhost audit[1]: SERVICE_START pid=1 uid=0 auid=4294967295 ses=4294967295 subj=kernel msg='unit=plymouth-start comm="systemd" exe="/usr/lib/systemd/systemd" hostname=? addr=? terminal=? res=success'
Nov 13 23:15:38 localhost systemd[1]: Started Forward Password Requests to Plymouth Directory Watch.
Nov 13 23:15:38 localhost systemd[1]: Reached target Paths.
Nov 13 23:15:38 localhost systemd[1]: Reached target Basic System.
Nov 13 23:15:38 localhost kernel: audit: type=1130 audit(1510632938.743:10): pid=1 uid=0 auid=4294967295 ses=4294967295 subj=kernel msg='unit=plymouth-start comm="systemd" exe="/usr/lib/systemd/systemd" hostname=? addr=? terminal=? res=success'
Nov 13 23:15:38 localhost kernel: e1000: Intel(R) PRO/1000 Network Driver - version 7.3.21-k8-NAPI
Nov 13 23:15:38 localhost kernel: e1000: Copyright (c) 1999-2006 Intel Corporation.
Nov 13 23:15:38 localhost systemd-udevd[319]: link_config: autonegotiation is unset or enabled, the speed and duplex are not writable.
Nov 13 23:15:38 localhost kernel: vboxvideo: module is from the staging directory, the quality is unknown, you have been warned.
Nov 13 23:15:39 localhost kernel: e1000 0000:00:03.0 eth0: (PCI:33MHz:32-bit) 08:00:27:de:c3:48
Nov 13 23:15:39 localhost kernel: e1000 0000:00:03.0 eth0: Intel(R) PRO/1000 Network Connection
Nov 13 23:15:39 localhost kernel: [drm] VRAM 10000000
Nov 13 23:15:39 localhost kernel: [TTM] Zone  kernel: Available graphics memory: 2022042 kiB
Nov 13 23:15:39 localhost kernel: [TTM] Initializing pool allocator
Nov 13 23:15:39 localhost kernel: [TTM] Initializing DMA pool allocator
Nov 13 23:15:39 localhost systemd-udevd[318]: link_config: autonegotiation is unset or enabled, the speed and duplex are not writable.
Nov 13 23:15:39 localhost kernel: e1000 0000:00:03.0 enp0s3: renamed from eth0
Nov 13 23:15:39 localhost kernel: fbcon: vboxdrmfb (fb0) is primary device
Nov 13 23:15:39 localhost kernel: Console: switching to colour frame buffer device 100x37
Nov 13 23:15:39 localhost kernel: vboxvideo 0000:00:02.0: fb0: vboxdrmfb frame buffer device
Nov 13 23:15:39 localhost kernel: [drm] Initialized vboxvideo 1.0.0 20130823 for 0000:00:02.0 on minor 0
Nov 13 23:15:39 localhost dracut-initqueue[325]: Scanning devices sda2  for LVM logical volumes fedora/root fedora/swap
Nov 13 23:15:39 localhost dracut-initqueue[325]: inactive '/dev/fedora/swap' [3.98 GiB] inherit
Nov 13 23:15:39 localhost dracut-initqueue[325]: inactive '/dev/fedora/root' [15.00 GiB] inherit
Nov 13 23:15:39 localhost systemd[1]: Found device /dev/mapper/fedora-root.
Nov 13 23:15:39 localhost systemd[1]: Reached target Initrd Root Device.
Nov 13 23:15:39 localhost systemd[1]: Started dracut initqueue hook.
Nov 13 23:15:39 localhost audit[1]: SERVICE_START pid=1 uid=0 auid=4294967295 ses=4294967295 subj=kernel msg='unit=dracut-initqueue comm="systemd" exe="/usr/lib/systemd/systemd" hostname=? addr=? terminal=? res=success'
Nov 13 23:15:39 localhost systemd[1]: Starting File System Check on /dev/mapper/fedora-root...
Nov 13 23:15:39 localhost systemd[1]: Reached target Remote File Systems (Pre).
Nov 13 23:15:39 localhost systemd[1]: Reached target Remote File Systems.
Nov 13 23:15:39 localhost systemd-fsck[428]: /usr/sbin/fsck.xfs: XFS file system.
Nov 13 23:15:39 localhost systemd[1]: Started File System Check on /dev/mapper/fedora-root.
Nov 13 23:15:39 localhost audit[1]: SERVICE_START pid=1 uid=0 auid=4294967295 ses=4294967295 subj=kernel msg='unit=systemd-fsck-root comm="systemd" exe="/usr/lib/systemd/systemd" hostname=? addr=? terminal=? res=success'
Nov 13 23:15:39 localhost systemd[1]: Mounting /sysroot...
Nov 13 23:15:39 localhost kernel: SGI XFS with ACLs, security attributes, no debug enabled
Nov 13 23:15:39 localhost kernel: XFS (dm-0): Mounting V5 Filesystem
Nov 13 23:15:39 localhost kernel: XFS (dm-0): Starting recovery (logdev: internal)
Nov 13 23:15:39 localhost kernel: XFS (dm-0): Ending recovery (logdev: internal)
Nov 13 23:15:39 localhost systemd[1]: Mounted /sysroot.
Nov 13 23:15:39 localhost systemd[1]: Reached target Initrd Root File System.
Nov 13 23:15:39 localhost systemd[1]: Starting Reload Configuration from the Real Root...
Nov 13 23:15:39 localhost systemd[1]: Reloading.
Nov 13 23:15:39 localhost systemd[1]: Started Reload Configuration from the Real Root.
Nov 13 23:15:39 localhost audit[1]: SERVICE_START pid=1 uid=0 auid=4294967295 ses=4294967295 subj=kernel msg='unit=initrd-parse-etc comm="systemd" exe="/usr/lib/systemd/systemd" hostname=? addr=? terminal=? res=success'
